10:49:26 **** Build of project snail_microblaze_app_bsp ****
make -k all 
Running Make include in microblaze_0/libsrc/bram_v4_2/src
make -C microblaze_0/libsrc/bram_v4_2/src -s include  "SHELL=/bin/sh" "COMPILER=mb-gcc" "ARCHIVER=mb-ar" "COMPILER_FLAGS=  -O2 -c -mcpu=v11.0 -mlittle-endian -mxl-soft-mul" "EXTRA_COMPILER_FLAGS=-ffunction-sections -fdata-sections -Wall -Wextra"
Running Make include in microblaze_0/libsrc/cpu_v2_8/src
make -C microblaze_0/libsrc/cpu_v2_8/src -s include  "SHELL=/bin/sh" "COMPILER=mb-gcc" "ARCHIVER=mb-ar" "COMPILER_FLAGS=  -O2 -c -mcpu=v11.0 -mlittle-endian -mxl-soft-mul" "EXTRA_COMPILER_FLAGS=-ffunction-sections -fdata-sections -Wall -Wextra"
Running Make include in microblaze_0/libsrc/intc_v3_8/src
make -C microblaze_0/libsrc/intc_v3_8/src -s include  "SHELL=/bin/sh" "COMPILER=mb-gcc" "ARCHIVER=mb-ar" "COMPILER_FLAGS=  -O2 -c -mcpu=v11.0 -mlittle-endian -mxl-soft-mul" "EXTRA_COMPILER_FLAGS=-ffunction-sections -fdata-sections -Wall -Wextra"
Running Make include in microblaze_0/libsrc/standalone_v6_8/src
make -C microblaze_0/libsrc/standalone_v6_8/src -s include  "SHELL=/bin/sh" "COMPILER=mb-gcc" "ARCHIVER=mb-ar" "COMPILER_FLAGS=  -O2 -c -mcpu=v11.0 -mlittle-endian -mxl-soft-mul" "EXTRA_COMPILER_FLAGS=-ffunction-sections -fdata-sections -Wall -Wextra"
Running Make include in microblaze_0/libsrc/uartlite_v3_2/src
make -C microblaze_0/libsrc/uartlite_v3_2/src -s include  "SHELL=/bin/sh" "COMPILER=mb-gcc" "ARCHIVER=mb-ar" "COMPILER_FLAGS=  -O2 -c -mcpu=v11.0 -mlittle-endian -mxl-soft-mul" "EXTRA_COMPILER_FLAGS=-ffunction-sections -fdata-sections -Wall -Wextra"
Running Make libs in microblaze_0/libsrc/bram_v4_2/src
make -C microblaze_0/libsrc/bram_v4_2/src -s libs  "SHELL=/bin/sh" "COMPILER=mb-gcc" "ARCHIVER=mb-ar" "COMPILER_FLAGS=  -O2 -c -mcpu=v11.0 -mlittle-endian -mxl-soft-mul" "EXTRA_COMPILER_FLAGS=-ffunction-sections -fdata-sections -Wall -Wextra"
Compiling bram
mb-ar: creating ../../../lib/libxil.a
Running Make libs in microblaze_0/libsrc/cpu_v2_8/src
make -C microblaze_0/libsrc/cpu_v2_8/src -s libs  "SHELL=/bin/sh" "COMPILER=mb-gcc" "ARCHIVER=mb-ar" "COMPILER_FLAGS=  -O2 -c -mcpu=v11.0 -mlittle-endian -mxl-soft-mul" "EXTRA_COMPILER_FLAGS=-ffunction-sections -fdata-sections -Wall -Wextra"
Compiling cpu
Running Make libs in microblaze_0/libsrc/intc_v3_8/src
make -C microblaze_0/libsrc/intc_v3_8/src -s libs  "SHELL=/bin/sh" "COMPILER=mb-gcc" "ARCHIVER=mb-ar" "COMPILER_FLAGS=  -O2 -c -mcpu=v11.0 -mlittle-endian -mxl-soft-mul" "EXTRA_COMPILER_FLAGS=-ffunction-sections -fdata-sections -Wall -Wextra"
Compiling intc
Running Make libs in microblaze_0/libsrc/standalone_v6_8/src
make -C microblaze_0/libsrc/standalone_v6_8/src -s libs  "SHELL=/bin/sh" "COMPILER=mb-gcc" "ARCHIVER=mb-ar" "COMPILER_FLAGS=  -O2 -c -mcpu=v11.0 -mlittle-endian -mxl-soft-mul" "EXTRA_COMPILER_FLAGS=-ffunction-sections -fdata-sections -Wall -Wextra"
Compiling standalone
microblaze_sleep.c:77:9: note: #pragma message: For the sleep routines, assembly instructions are used
 #pragma message ("For the sleep routines, assembly instructions are used")
         ^~~~~~~
Running Make libs in microblaze_0/libsrc/uartlite_v3_2/src
make -C microblaze_0/libsrc/uartlite_v3_2/src -s libs  "SHELL=/bin/sh" "COMPILER=mb-gcc" "ARCHIVER=mb-ar" "COMPILER_FLAGS=  -O2 -c -mcpu=v11.0 -mlittle-endian -mxl-soft-mul" "EXTRA_COMPILER_FLAGS=-ffunction-sections -fdata-sections -Wall -Wextra"
Compiling uartlite
Finished building libraries
10:49:26 **** Build of configuration Debug for project snail_microblaze_app ****
make all 
Building file: ../src/helloworld.c
Invoking: MicroBlaze gcc compiler
mb-gcc -Wall -O0 -g3 -c -fmessage-length=0 -MT"src/helloworld.o" -I../../snail_microblaze_app_bsp/microblaze_0/include -mlittle-endian -mcpu=v11.0 -mxl-soft-mul -Wl,--no-relax -ffunction-sections -fdata-sections -MMD -MP -MF"src/helloworld.d" -MT"src/helloworld.o" -o "src/helloworld.o" "../src/helloworld.c"
Finished building: ../src/helloworld.c
 
Building file: ../src/platform.c
Invoking: MicroBlaze gcc compiler
mb-gcc -Wall -O0 -g3 -c -fmessage-length=0 -MT"src/platform.o" -I../../snail_microblaze_app_bsp/microblaze_0/include -mlittle-endian -mcpu=v11.0 -mxl-soft-mul -Wl,--no-relax -ffunction-sections -fdata-sections -MMD -MP -MF"src/platform.d" -MT"src/platform.o" -o "src/platform.o" "../src/platform.c"
Finished building: ../src/platform.c
 
Building target: snail_microblaze_app.elf
Invoking: MicroBlaze gcc linker
mb-gcc -Wl,-T -Wl,../src/lscript.ld -L../../snail_microblaze_app_bsp/microblaze_0/lib -mlittle-endian -mcpu=v11.0 -mxl-soft-mul -Wl,--no-relax -Wl,--gc-sections -o "snail_microblaze_app.elf" ./src/helloworld.o ./src/platform.o   -Wl,--start-group,-lxil,-lgcc,-lc,--end-group
Finished building target: snail_microblaze_app.elf
 
Invoking: MicroBlaze Print Size
mb-size snail_microblaze_app.elf  |tee "snail_microblaze_app.elf.size"
   text	   data	    bss	    dec	    hex	filename
   3140	    320	   3108	   6568	   19a8	snail_microblaze_app.elf
Finished building: snail_microblaze_app.elf.size
 
10:49:38 **** Clean-only build of configuration Debug for project snail_microblaze_app ****
make clean 
rm -rf ./src/helloworld.o ./src/platform.o ./src/helloworld.d ./src/platform.d snail_microblaze_app.elf.size  snail_microblaze_app.elf
 
10:49:39 **** Auto Build of configuration Debug for project snail_microblaze_app ****
make all 
Building file: ../src/main.c
Invoking: MicroBlaze gcc compiler
mb-gcc -Wall -O0 -g3 -c -fmessage-length=0 -MT"src/main.o" -I../../snail_microblaze_app_bsp/microblaze_0/include -mlittle-endian -mcpu=v11.0 -mxl-soft-mul -Wl,--no-relax -ffunction-sections -fdata-sections -MMD -MP -MF"src/main.d" -MT"src/main.o" -o "src/main.o" "../src/main.c"
Finished building: ../src/main.c
 
Building file: ../src/platform.c
Invoking: MicroBlaze gcc compiler
mb-gcc -Wall -O0 -g3 -c -fmessage-length=0 -MT"src/platform.o" -I../../snail_microblaze_app_bsp/microblaze_0/include -mlittle-endian -mcpu=v11.0 -mxl-soft-mul -Wl,--no-relax -ffunction-sections -fdata-sections -MMD -MP -MF"src/platform.d" -MT"src/platform.o" -o "src/platform.o" "../src/platform.c"
Finished building: ../src/platform.c
 
Building target: snail_microblaze_app.elf
Invoking: MicroBlaze gcc linker
mb-gcc -Wl,-T -Wl,../src/lscript.ld -L../../snail_microblaze_app_bsp/microblaze_0/lib -mlittle-endian -mcpu=v11.0 -mxl-soft-mul -Wl,--no-relax -Wl,--gc-sections -o "snail_microblaze_app.elf" ./src/main.o ./src/platform.o   -Wl,--start-group,-lxil,-lgcc,-lc,--end-group
Finished building target: snail_microblaze_app.elf
 
Invoking: MicroBlaze Print Size
mb-size snail_microblaze_app.elf  |tee "snail_microblaze_app.elf.size"
   text	   data	    bss	    dec	    hex	filename
   3140	    320	   3108	   6568	   19a8	snail_microblaze_app.elf
Finished building: snail_microblaze_app.elf.size
 
10:51:55 **** Auto Build of configuration Debug for project snail_microblaze_app ****
make all 
Building file: ../src/main.c
Invoking: MicroBlaze gcc compiler
mb-gcc -Wall -O0 -g3 -c -fmessage-length=0 -MT"src/main.o" -I../../snail_microblaze_app_bsp/microblaze_0/include -mlittle-endian -mcpu=v11.0 -mxl-soft-mul -Wl,--no-relax -ffunction-sections -fdata-sections -MMD -MP -MF"src/main.d" -MT"src/main.o" -o "src/main.o" "../src/main.c"
../src/main.c:61:38: error: 'XPAR_PICOZED_T_IP_0_BASEADDR' undeclared here (not in a function); did you mean 'XPAR_TEST_IP_0_BASEADDR'?
 #define AXI_IP_TEST_LATENCY_MEASURE (XPAR_PICOZED_T_IP_0_BASEADDR + 0x118)
                                      ^
../src/main.c:91:40: note: in expansion of macro 'AXI_IP_TEST_LATENCY_MEASURE'
 uint32_t* LatencyControl = (uint32_t*)(AXI_IP_TEST_LATENCY_MEASURE);
                                        ^~~~~~~~~~~~~~~~~~~~~~~~~~~
../src/main.c: In function 'updateCountReg':
../src/main.c:102:28: warning: format '%d' expects argument of type 'int', but argument 2 has type 'uint32_t {aka long unsigned int}' [-Wformat=]
   printf("Divide example (%d / PI) = %f  \n", value, (float)(value/M_PI));
                           ~^
                           %ld
../src/main.c: In function 'main':
../src/main.c:139:5: warning: implicit declaration of function 'init_platform' [-Wimplicit-function-declaration]
     init_platform(); // unsure if this is needed unless we are cacheing???
     ^~~~~~~~~~~~~
../src/main.c:152:50: error: 'XPAR_AXI_INTC_0_PICOZED_T_IP_0_ISR_TRIGGER_0_INTR' undeclared (first use in this function); did you mean 'XPAR_AXI_INTC_0_TEST_IP_0_ISR_TRIGGER_0_INTR'?
     Status = XIntc_Connect(&InterruptController, XPAR_AXI_INTC_0_PICOZED_T_IP_0_ISR_TRIGGER_0_INTR,
                                                  ^~~~~~~~~~~~~~~~~~~~~~~~~~~~~~~~~~~~~~~~~~~~~~~~~
                                                  XPAR_AXI_INTC_0_TEST_IP_0_ISR_TRIGGER_0_INTR
../src/main.c:152:50: note: each undeclared identifier is reported only once for each function it appears in
../src/main.c:159:50: error: 'XPAR_AXI_INTC_0_PICOZED_T_IP_0_ISR_TRIGGER_1_INTR' undeclared (first use in this function); did you mean 'XPAR_AXI_INTC_0_PICOZED_T_IP_0_ISR_TRIGGER_0_INTR'?
     Status = XIntc_Connect(&InterruptController, XPAR_AXI_INTC_0_PICOZED_T_IP_0_ISR_TRIGGER_1_INTR,
                                                  ^~~~~~~~~~~~~~~~~~~~~~~~~~~~~~~~~~~~~~~~~~~~~~~~~
                                                  XPAR_AXI_INTC_0_PICOZED_T_IP_0_ISR_TRIGGER_0_INTR
../src/main.c:227:52: warning: format '%X' expects argument of type 'unsigned int', but argument 2 has type 'uint16_t * {aka short unsigned int *}' [-Wformat=]
  printf("Motor control register read [amplitude 0x%X = %u ] \n", amplitudeCtrl, *(uint16_t*)amplitudeCtrl);
                                                   ~^
                                                   %hn
../src/main.c:251:29: warning: format '%d' expects argument of type 'int', but argument 2 has type 'uint32_t {aka long unsigned int}' [-Wformat=]
    printf("Value changed = %d \n", *bramPtr_idx1);
                            ~^      ~~~~~~~~~~~~~
                            %ld
../src/main.c:259:29: warning: format '%d' expects argument of type 'int', but argument 2 has type 'uint32_t {aka long unsigned int}' [-Wformat=]
    printf("Value changed = %d \n", *bramPtr_idx2);
                            ~^      ~~~~~~~~~~~~~
                            %ld
../src/main.c:266:2: warning: implicit declaration of function 'cleanup_platform' [-Wimplicit-function-declaration]
  cleanup_platform();
  ^~~~~~~~~~~~~~~~
make: *** [src/subdir.mk:26: src/main.o] Error 1
10:52:07 **** Incremental Build of configuration Debug for project snail_microblaze_app ****
make all 
Building file: ../src/main.c
Invoking: MicroBlaze gcc compiler
mb-gcc -Wall -O0 -g3 -c -fmessage-length=0 -MT"src/main.o" -I../../snail_microblaze_app_bsp/microblaze_0/include -mlittle-endian -mcpu=v11.0 -mxl-soft-mul -Wl,--no-relax -ffunction-sections -fdata-sections -MMD -MP -MF"src/main.d" -MT"src/main.o" -o "src/main.o" "../src/main.c"
../src/main.c:61:38: error: 'XPAR_PICOZED_T_IP_0_BASEADDR' undeclared here (not in a function); did you mean 'XPAR_TEST_IP_0_BASEADDR'?
 #define AXI_IP_TEST_LATENCY_MEASURE (XPAR_PICOZED_T_IP_0_BASEADDR + 0x118)
                                      ^
../src/main.c:91:40: note: in expansion of macro 'AXI_IP_TEST_LATENCY_MEASURE'
 uint32_t* LatencyControl = (uint32_t*)(AXI_IP_TEST_LATENCY_MEASURE);
                                        ^~~~~~~~~~~~~~~~~~~~~~~~~~~
../src/main.c: In function 'updateCountReg':
../src/main.c:102:28: warning: format '%d' expects argument of type 'int', but argument 2 has type 'uint32_t {aka long unsigned int}' [-Wformat=]
   printf("Divide example (%d / PI) = %f  \n", value, (float)(value/M_PI));
                           ~^
                           %ld
../src/main.c: In function 'main':
../src/main.c:139:5: warning: implicit declaration of function 'init_platform' [-Wimplicit-function-declaration]
     init_platform(); // unsure if this is needed unless we are cacheing???
     ^~~~~~~~~~~~~
../src/main.c:152:50: error: 'XPAR_AXI_INTC_0_PICOZED_T_IP_0_ISR_TRIGGER_0_INTR' undeclared (first use in this function); did you mean 'XPAR_AXI_INTC_0_TEST_IP_0_ISR_TRIGGER_0_INTR'?
     Status = XIntc_Connect(&InterruptController, XPAR_AXI_INTC_0_PICOZED_T_IP_0_ISR_TRIGGER_0_INTR,
                                                  ^~~~~~~~~~~~~~~~~~~~~~~~~~~~~~~~~~~~~~~~~~~~~~~~~
                                                  XPAR_AXI_INTC_0_TEST_IP_0_ISR_TRIGGER_0_INTR
../src/main.c:152:50: note: each undeclared identifier is reported only once for each function it appears in
../src/main.c:159:50: error: 'XPAR_AXI_INTC_0_PICOZED_T_IP_0_ISR_TRIGGER_1_INTR' undeclared (first use in this function); did you mean 'XPAR_AXI_INTC_0_PICOZED_T_IP_0_ISR_TRIGGER_0_INTR'?
     Status = XIntc_Connect(&InterruptController, XPAR_AXI_INTC_0_PICOZED_T_IP_0_ISR_TRIGGER_1_INTR,
                                                  ^~~~~~~~~~~~~~~~~~~~~~~~~~~~~~~~~~~~~~~~~~~~~~~~~
                                                  XPAR_AXI_INTC_0_PICOZED_T_IP_0_ISR_TRIGGER_0_INTR
../src/main.c:227:52: warning: format '%X' expects argument of type 'unsigned int', but argument 2 has type 'uint16_t * {aka short unsigned int *}' [-Wformat=]
  printf("Motor control register read [amplitude 0x%X = %u ] \n", amplitudeCtrl, *(uint16_t*)amplitudeCtrl);
                                                   ~^
                                                   %hn
../src/main.c:251:29: warning: format '%d' expects argument of type 'int', but argument 2 has type 'uint32_t {aka long unsigned int}' [-Wformat=]
    printf("Value changed = %d \n", *bramPtr_idx1);
                            ~^      ~~~~~~~~~~~~~
                            %ld
../src/main.c:259:29: warning: format '%d' expects argument of type 'int', but argument 2 has type 'uint32_t {aka long unsigned int}' [-Wformat=]
    printf("Value changed = %d \n", *bramPtr_idx2);
                            ~^      ~~~~~~~~~~~~~
                            %ld
../src/main.c:266:2: warning: implicit declaration of function 'cleanup_platform' [-Wimplicit-function-declaration]
  cleanup_platform();
  ^~~~~~~~~~~~~~~~
make: *** [src/subdir.mk:26: src/main.o] Error 1
10:53:18 **** Auto Build of configuration Debug for project snail_microblaze_app ****
make all 
Building file: ../src/main.c
Invoking: MicroBlaze gcc compiler
mb-gcc -Wall -O0 -g3 -c -fmessage-length=0 -MT"src/main.o" -I../../snail_microblaze_app_bsp/microblaze_0/include -mlittle-endian -mcpu=v11.0 -mxl-soft-mul -Wl,--no-relax -ffunction-sections -fdata-sections -MMD -MP -MF"src/main.d" -MT"src/main.o" -o "src/main.o" "../src/main.c"
../src/main.c: In function 'updateCountReg':
../src/main.c:102:28: warning: format '%d' expects argument of type 'int', but argument 2 has type 'uint32_t {aka long unsigned int}' [-Wformat=]
   printf("Divide example (%d / PI) = %f  \n", value, (float)(value/M_PI));
                           ~^
                           %ld
../src/main.c: In function 'main':
../src/main.c:139:5: warning: implicit declaration of function 'init_platform' [-Wimplicit-function-declaration]
     init_platform(); // unsure if this is needed unless we are cacheing???
     ^~~~~~~~~~~~~
../src/main.c:152:50: error: 'XPAR_AXI_INTC_0_PICOZED_T_IP_0_ISR_TRIGGER_0_INTR' undeclared (first use in this function); did you mean 'XPAR_AXI_INTC_0_TEST_IP_0_ISR_TRIGGER_0_INTR'?
     Status = XIntc_Connect(&InterruptController, XPAR_AXI_INTC_0_PICOZED_T_IP_0_ISR_TRIGGER_0_INTR,
                                                  ^~~~~~~~~~~~~~~~~~~~~~~~~~~~~~~~~~~~~~~~~~~~~~~~~
                                                  XPAR_AXI_INTC_0_TEST_IP_0_ISR_TRIGGER_0_INTR
../src/main.c:152:50: note: each undeclared identifier is reported only once for each function it appears in
../src/main.c:159:50: error: 'XPAR_AXI_INTC_0_PICOZED_T_IP_0_ISR_TRIGGER_1_INTR' undeclared (first use in this function); did you mean 'XPAR_AXI_INTC_0_PICOZED_T_IP_0_ISR_TRIGGER_0_INTR'?
     Status = XIntc_Connect(&InterruptController, XPAR_AXI_INTC_0_PICOZED_T_IP_0_ISR_TRIGGER_1_INTR,
                                                  ^~~~~~~~~~~~~~~~~~~~~~~~~~~~~~~~~~~~~~~~~~~~~~~~~
                                                  XPAR_AXI_INTC_0_PICOZED_T_IP_0_ISR_TRIGGER_0_INTR
../src/main.c:60:33: error: 'XPAR_PICOZED_T_IP_0_BASEADDR' undeclared (first use in this function); did you mean 'XPAR_TEST_IP_0_BASEADDR'?
 #define AXI_IP_TEST_BUILD_DATE (XPAR_PICOZED_T_IP_0_BASEADDR+8)
                                 ^
../src/main.c:225:67: note: in expansion of macro 'AXI_IP_TEST_BUILD_DATE'
  printf("AXI Test: HDL Coder IP Build Date = %u \n",*((uint32_t *)AXI_IP_TEST_BUILD_DATE));
                                                                   ^~~~~~~~~~~~~~~~~~~~~~
../src/main.c:227:52: warning: format '%X' expects argument of type 'unsigned int', but argument 2 has type 'uint16_t * {aka short unsigned int *}' [-Wformat=]
  printf("Motor control register read [amplitude 0x%X = %u ] \n", amplitudeCtrl, *(uint16_t*)amplitudeCtrl);
                                                   ~^
                                                   %hn
../src/main.c:251:29: warning: format '%d' expects argument of type 'int', but argument 2 has type 'uint32_t {aka long unsigned int}' [-Wformat=]
    printf("Value changed = %d \n", *bramPtr_idx1);
                            ~^      ~~~~~~~~~~~~~
                            %ld
../src/main.c:259:29: warning: format '%d' expects argument of type 'int', but argument 2 has type 'uint32_t {aka long unsigned int}' [-Wformat=]
    printf("Value changed = %d \n", *bramPtr_idx2);
                            ~^      ~~~~~~~~~~~~~
                            %ld
../src/main.c:266:2: warning: implicit declaration of function 'cleanup_platform' [-Wimplicit-function-declaration]
  cleanup_platform();
  ^~~~~~~~~~~~~~~~
make: *** [src/subdir.mk:26: src/main.o] Error 1
10:53:29 **** Auto Build of configuration Debug for project snail_microblaze_app ****
make all 
Building file: ../src/main.c
Invoking: MicroBlaze gcc compiler
mb-gcc -Wall -O0 -g3 -c -fmessage-length=0 -MT"src/main.o" -I../../snail_microblaze_app_bsp/microblaze_0/include -mlittle-endian -mcpu=v11.0 -mxl-soft-mul -Wl,--no-relax -ffunction-sections -fdata-sections -MMD -MP -MF"src/main.d" -MT"src/main.o" -o "src/main.o" "../src/main.c"
../src/main.c: In function 'updateCountReg':
../src/main.c:102:28: warning: format '%d' expects argument of type 'int', but argument 2 has type 'uint32_t {aka long unsigned int}' [-Wformat=]
   printf("Divide example (%d / PI) = %f  \n", value, (float)(value/M_PI));
                           ~^
                           %ld
../src/main.c: In function 'main':
../src/main.c:139:5: warning: implicit declaration of function 'init_platform' [-Wimplicit-function-declaration]
     init_platform(); // unsure if this is needed unless we are cacheing???
     ^~~~~~~~~~~~~
../src/main.c:152:50: error: 'XPAR_AXI_INTC_0_PICOZED_T_IP_0_ISR_TRIGGER_0_INTR' undeclared (first use in this function); did you mean 'XPAR_AXI_INTC_0_TEST_IP_0_ISR_TRIGGER_0_INTR'?
     Status = XIntc_Connect(&InterruptController, XPAR_AXI_INTC_0_PICOZED_T_IP_0_ISR_TRIGGER_0_INTR,
                                                  ^~~~~~~~~~~~~~~~~~~~~~~~~~~~~~~~~~~~~~~~~~~~~~~~~
                                                  XPAR_AXI_INTC_0_TEST_IP_0_ISR_TRIGGER_0_INTR
../src/main.c:152:50: note: each undeclared identifier is reported only once for each function it appears in
../src/main.c:159:50: error: 'XPAR_AXI_INTC_0_PICOZED_T_IP_0_ISR_TRIGGER_1_INTR' undeclared (first use in this function); did you mean 'XPAR_AXI_INTC_0_PICOZED_T_IP_0_ISR_TRIGGER_0_INTR'?
     Status = XIntc_Connect(&InterruptController, XPAR_AXI_INTC_0_PICOZED_T_IP_0_ISR_TRIGGER_1_INTR,
                                                  ^~~~~~~~~~~~~~~~~~~~~~~~~~~~~~~~~~~~~~~~~~~~~~~~~
                                                  XPAR_AXI_INTC_0_PICOZED_T_IP_0_ISR_TRIGGER_0_INTR
../src/main.c:225:47: warning: format '%u' expects argument of type 'unsigned int', but argument 2 has type 'uint32_t {aka long unsigned int}' [-Wformat=]
  printf("AXI Test: HDL Coder IP Build Date = %u \n",*((uint32_t *)AXI_IP_TEST_BUILD_DATE));
                                              ~^     ~~~~~~~~~~~~~~~~~~~~~~~~~~~~~~~~~~~~~
                                              %lu
../src/main.c:227:52: warning: format '%X' expects argument of type 'unsigned int', but argument 2 has type 'uint16_t * {aka short unsigned int *}' [-Wformat=]
  printf("Motor control register read [amplitude 0x%X = %u ] \n", amplitudeCtrl, *(uint16_t*)amplitudeCtrl);
                                                   ~^
                                                   %hn
../src/main.c:251:29: warning: format '%d' expects argument of type 'int', but argument 2 has type 'uint32_t {aka long unsigned int}' [-Wformat=]
    printf("Value changed = %d \n", *bramPtr_idx1);
                            ~^      ~~~~~~~~~~~~~
                            %ld
../src/main.c:259:29: warning: format '%d' expects argument of type 'int', but argument 2 has type 'uint32_t {aka long unsigned int}' [-Wformat=]
    printf("Value changed = %d \n", *bramPtr_idx2);
                            ~^      ~~~~~~~~~~~~~
                            %ld
../src/main.c:266:2: warning: implicit declaration of function 'cleanup_platform' [-Wimplicit-function-declaration]
  cleanup_platform();
  ^~~~~~~~~~~~~~~~
make: *** [src/subdir.mk:26: src/main.o] Error 1
10:54:50 **** Auto Build of configuration Debug for project snail_microblaze_app ****
make all 
Building file: ../src/main.c
Invoking: MicroBlaze gcc compiler
mb-gcc -Wall -O0 -g3 -c -fmessage-length=0 -MT"src/main.o" -I../../snail_microblaze_app_bsp/microblaze_0/include -mlittle-endian -mcpu=v11.0 -mxl-soft-mul -Wl,--no-relax -ffunction-sections -fdata-sections -MMD -MP -MF"src/main.d" -MT"src/main.o" -o "src/main.o" "../src/main.c"
../src/main.c: In function 'updateCountReg':
../src/main.c:102:28: warning: format '%d' expects argument of type 'int', but argument 2 has type 'uint32_t {aka long unsigned int}' [-Wformat=]
   printf("Divide example (%d / PI) = %f  \n", value, (float)(value/M_PI));
                           ~^
                           %ld
../src/main.c: In function 'main':
../src/main.c:139:5: warning: implicit declaration of function 'init_platform' [-Wimplicit-function-declaration]
     init_platform(); // unsure if this is needed unless we are cacheing???
     ^~~~~~~~~~~~~
../src/main.c:175:7: error: 'XPAR_AXI_INTC_0_PICOZED_T_IP_0_ISR_TRIGGER_0_INTR' undeclared (first use in this function); did you mean 'XPAR_AXI_INTC_0_TEST_IP_0_ISR_TRIGGER_0_INTR'?
       XPAR_AXI_INTC_0_PICOZED_T_IP_0_ISR_TRIGGER_0_INTR);
       ^~~~~~~~~~~~~~~~~~~~~~~~~~~~~~~~~~~~~~~~~~~~~~~~~
       XPAR_AXI_INTC_0_TEST_IP_0_ISR_TRIGGER_0_INTR
../src/main.c:175:7: note: each undeclared identifier is reported only once for each function it appears in
../src/main.c:178:7: error: 'XPAR_AXI_INTC_0_PICOZED_T_IP_0_ISR_TRIGGER_1_INTR' undeclared (first use in this function); did you mean 'XPAR_AXI_INTC_0_PICOZED_T_IP_0_ISR_TRIGGER_0_INTR'?
       XPAR_AXI_INTC_0_PICOZED_T_IP_0_ISR_TRIGGER_1_INTR);
       ^~~~~~~~~~~~~~~~~~~~~~~~~~~~~~~~~~~~~~~~~~~~~~~~~
       XPAR_AXI_INTC_0_PICOZED_T_IP_0_ISR_TRIGGER_0_INTR
../src/main.c:225:47: warning: format '%u' expects argument of type 'unsigned int', but argument 2 has type 'uint32_t {aka long unsigned int}' [-Wformat=]
  printf("AXI Test: HDL Coder IP Build Date = %u \n",*((uint32_t *)AXI_IP_TEST_BUILD_DATE));
                                              ~^     ~~~~~~~~~~~~~~~~~~~~~~~~~~~~~~~~~~~~~
                                              %lu
../src/main.c:227:52: warning: format '%X' expects argument of type 'unsigned int', but argument 2 has type 'uint16_t * {aka short unsigned int *}' [-Wformat=]
  printf("Motor control register read [amplitude 0x%X = %u ] \n", amplitudeCtrl, *(uint16_t*)amplitudeCtrl);
                                                   ~^
                                                   %hn
../src/main.c:251:29: warning: format '%d' expects argument of type 'int', but argument 2 has type 'uint32_t {aka long unsigned int}' [-Wformat=]
    printf("Value changed = %d \n", *bramPtr_idx1);
                            ~^      ~~~~~~~~~~~~~
                            %ld
../src/main.c:259:29: warning: format '%d' expects argument of type 'int', but argument 2 has type 'uint32_t {aka long unsigned int}' [-Wformat=]
    printf("Value changed = %d \n", *bramPtr_idx2);
                            ~^      ~~~~~~~~~~~~~
                            %ld
../src/main.c:266:2: warning: implicit declaration of function 'cleanup_platform' [-Wimplicit-function-declaration]
  cleanup_platform();
  ^~~~~~~~~~~~~~~~
make: *** [src/subdir.mk:26: src/main.o] Error 1
10:55:00 **** Auto Build of configuration Debug for project snail_microblaze_app ****
make all 
Building file: ../src/main.c
Invoking: MicroBlaze gcc compiler
mb-gcc -Wall -O0 -g3 -c -fmessage-length=0 -MT"src/main.o" -I../../snail_microblaze_app_bsp/microblaze_0/include -mlittle-endian -mcpu=v11.0 -mxl-soft-mul -Wl,--no-relax -ffunction-sections -fdata-sections -MMD -MP -MF"src/main.d" -MT"src/main.o" -o "src/main.o" "../src/main.c"
../src/main.c: In function 'updateCountReg':
../src/main.c:102:28: warning: format '%d' expects argument of type 'int', but argument 2 has type 'uint32_t {aka long unsigned int}' [-Wformat=]
   printf("Divide example (%d / PI) = %f  \n", value, (float)(value/M_PI));
                           ~^
                           %ld
../src/main.c: In function 'main':
../src/main.c:139:5: warning: implicit declaration of function 'init_platform' [-Wimplicit-function-declaration]
     init_platform(); // unsure if this is needed unless we are cacheing???
     ^~~~~~~~~~~~~
../src/main.c:225:47: warning: format '%u' expects argument of type 'unsigned int', but argument 2 has type 'uint32_t {aka long unsigned int}' [-Wformat=]
  printf("AXI Test: HDL Coder IP Build Date = %u \n",*((uint32_t *)AXI_IP_TEST_BUILD_DATE));
                                              ~^     ~~~~~~~~~~~~~~~~~~~~~~~~~~~~~~~~~~~~~
                                              %lu
../src/main.c:227:52: warning: format '%X' expects argument of type 'unsigned int', but argument 2 has type 'uint16_t * {aka short unsigned int *}' [-Wformat=]
  printf("Motor control register read [amplitude 0x%X = %u ] \n", amplitudeCtrl, *(uint16_t*)amplitudeCtrl);
                                                   ~^
                                                   %hn
../src/main.c:251:29: warning: format '%d' expects argument of type 'int', but argument 2 has type 'uint32_t {aka long unsigned int}' [-Wformat=]
    printf("Value changed = %d \n", *bramPtr_idx1);
                            ~^      ~~~~~~~~~~~~~
                            %ld
../src/main.c:259:29: warning: format '%d' expects argument of type 'int', but argument 2 has type 'uint32_t {aka long unsigned int}' [-Wformat=]
    printf("Value changed = %d \n", *bramPtr_idx2);
                            ~^      ~~~~~~~~~~~~~
                            %ld
../src/main.c:266:2: warning: implicit declaration of function 'cleanup_platform' [-Wimplicit-function-declaration]
  cleanup_platform();
  ^~~~~~~~~~~~~~~~
Finished building: ../src/main.c
 
Building target: snail_microblaze_app.elf
Invoking: MicroBlaze gcc linker
mb-gcc -Wl,-T -Wl,../src/lscript.ld -L../../snail_microblaze_app_bsp/microblaze_0/lib -mlittle-endian -mcpu=v11.0 -mxl-soft-mul -Wl,--no-relax -Wl,--gc-sections -o "snail_microblaze_app.elf" ./src/main.o ./src/platform.o   -Wl,--start-group,-lxil,-lgcc,-lc,--end-group
Finished building target: snail_microblaze_app.elf
 
Invoking: MicroBlaze Print Size
mb-size snail_microblaze_app.elf  |tee "snail_microblaze_app.elf.size"
   text	   data	    bss	    dec	    hex	filename
 101516	   1504	   3348	 106368	  19f80	snail_microblaze_app.elf
Finished building: snail_microblaze_app.elf.size
 
10:55:03 **** Incremental Build of configuration Debug for project snail_microblaze_app ****
make all 
make: Nothing to be done for 'all'.
10:55:26 **** Incremental Build of configuration Debug for project snail_microblaze_app ****
make all 
make: Nothing to be done for 'all'.
14:55:47 **** Auto Build of configuration Debug for project snail_microblaze_app ****
make all 
Building file: ../src/main.c
Invoking: MicroBlaze gcc compiler
mb-gcc -Wall -O0 -g3 -c -fmessage-length=0 -MT"src/main.o" -I../../snail_microblaze_app_bsp/microblaze_0/include -mlittle-endian -mcpu=v11.0 -mxl-soft-mul -Wl,--no-relax -ffunction-sections -fdata-sections -MMD -MP -MF"src/main.d" -MT"src/main.o" -o "src/main.o" "../src/main.c"
../src/main.c: In function 'updateCountReg':
../src/main.c:102:28: warning: format '%d' expects argument of type 'int', but argument 2 has type 'uint32_t {aka long unsigned int}' [-Wformat=]
   printf("Divide example (%d / PI) = %f  \n", value, (float)(value/M_PI));
                           ~^
                           %ld
../src/main.c: In function 'main':
../src/main.c:139:5: warning: implicit declaration of function 'init_platform' [-Wimplicit-function-declaration]
     init_platform(); // unsure if this is needed unless we are cacheing???
     ^~~~~~~~~~~~~
../src/main.c:225:47: warning: format '%u' expects argument of type 'unsigned int', but argument 2 has type 'uint32_t {aka long unsigned int}' [-Wformat=]
  printf("AXI Test: HDL Coder IP Build Date = %u \n",*((uint32_t *)AXI_IP_TEST_BUILD_DATE));
                                              ~^     ~~~~~~~~~~~~~~~~~~~~~~~~~~~~~~~~~~~~~
                                              %lu
../src/main.c:227:52: warning: format '%X' expects argument of type 'unsigned int', but argument 2 has type 'uint16_t * {aka short unsigned int *}' [-Wformat=]
  printf("Motor control register read [amplitude 0x%X = %u ] \n", amplitudeCtrl, *(uint16_t*)amplitudeCtrl);
                                                   ~^
                                                   %hn
../src/main.c:251:29: warning: format '%d' expects argument of type 'int', but argument 2 has type 'uint32_t {aka long unsigned int}' [-Wformat=]
    printf("Value changed = %d \n", *bramPtr_idx1);
                            ~^      ~~~~~~~~~~~~~
                            %ld
../src/main.c:259:29: warning: format '%d' expects argument of type 'int', but argument 2 has type 'uint32_t {aka long unsigned int}' [-Wformat=]
    printf("Value changed = %d \n", *bramPtr_idx2);
                            ~^      ~~~~~~~~~~~~~
                            %ld
../src/main.c:266:2: warning: implicit declaration of function 'cleanup_platform' [-Wimplicit-function-declaration]
  cleanup_platform();
  ^~~~~~~~~~~~~~~~
Finished building: ../src/main.c
 
Building target: snail_microblaze_app.elf
Invoking: MicroBlaze gcc linker
mb-gcc -Wl,-T -Wl,../src/lscript.ld -L../../snail_microblaze_app_bsp/microblaze_0/lib -mlittle-endian -mcpu=v11.0 -mxl-soft-mul -Wl,--no-relax -Wl,--gc-sections -o "snail_microblaze_app.elf" ./src/main.o ./src/platform.o   -Wl,--start-group,-lxil,-lgcc,-lc,--end-group
Finished building target: snail_microblaze_app.elf
 
Invoking: MicroBlaze Print Size
mb-size snail_microblaze_app.elf  |tee "snail_microblaze_app.elf.size"
   text	   data	    bss	    dec	    hex	filename
 101512	   1504	   3344	 106360	  19f78	snail_microblaze_app.elf
Finished building: snail_microblaze_app.elf.size
 
14:55:50 **** Incremental Build of configuration Debug for project snail_microblaze_app ****
make all 
make: Nothing to be done for 'all'.
15:32:55 **** Auto Build of configuration Debug for project snail_microblaze_app ****
make all 
Building file: ../src/main.c
Invoking: MicroBlaze gcc compiler
mb-gcc -Wall -O0 -g3 -c -fmessage-length=0 -MT"src/main.o" -I../../snail_microblaze_app_bsp/microblaze_0/include -mlittle-endian -mcpu=v11.0 -mxl-soft-mul -Wl,--no-relax -ffunction-sections -fdata-sections -MMD -MP -MF"src/main.d" -MT"src/main.o" -o "src/main.o" "../src/main.c"
../src/main.c: In function 'updateCountReg':
../src/main.c:102:28: warning: format '%d' expects argument of type 'int', but argument 2 has type 'uint32_t {aka long unsigned int}' [-Wformat=]
   printf("Divide example (%d / PI) = %f  \n", value, (float)(value/M_PI));
                           ~^
                           %ld
../src/main.c: In function 'main':
../src/main.c:139:5: warning: implicit declaration of function 'init_platform' [-Wimplicit-function-declaration]
     init_platform(); // unsure if this is needed unless we are cacheing???
     ^~~~~~~~~~~~~
../src/main.c:225:47: warning: format '%u' expects argument of type 'unsigned int', but argument 2 has type 'uint32_t {aka long unsigned int}' [-Wformat=]
  printf("AXI Test: HDL Coder IP Build Date = %u \n",*((uint32_t *)AXI_IP_TEST_BUILD_DATE));
                                              ~^     ~~~~~~~~~~~~~~~~~~~~~~~~~~~~~~~~~~~~~
                                              %lu
../src/main.c:227:52: warning: format '%X' expects argument of type 'unsigned int', but argument 2 has type 'uint16_t * {aka short unsigned int *}' [-Wformat=]
  printf("Motor control register read [amplitude 0x%X = %u ] \n", amplitudeCtrl, *(uint16_t*)amplitudeCtrl);
                                                   ~^
                                                   %hn
../src/main.c:251:29: warning: format '%d' expects argument of type 'int', but argument 2 has type 'uint32_t {aka long unsigned int}' [-Wformat=]
    printf("Value changed = %d \n", *bramPtr_idx1);
                            ~^      ~~~~~~~~~~~~~
                            %ld
../src/main.c:259:29: warning: format '%d' expects argument of type 'int', but argument 2 has type 'uint32_t {aka long unsigned int}' [-Wformat=]
    printf("Value changed = %d \n", *bramPtr_idx2);
                            ~^      ~~~~~~~~~~~~~
                            %ld
../src/main.c:266:2: warning: implicit declaration of function 'cleanup_platform' [-Wimplicit-function-declaration]
  cleanup_platform();
  ^~~~~~~~~~~~~~~~
Finished building: ../src/main.c
 
Building target: snail_microblaze_app.elf
Invoking: MicroBlaze gcc linker
mb-gcc -Wl,-T -Wl,../src/lscript.ld -L../../snail_microblaze_app_bsp/microblaze_0/lib -mlittle-endian -mcpu=v11.0 -mxl-soft-mul -Wl,--no-relax -Wl,--gc-sections -o "snail_microblaze_app.elf" ./src/main.o ./src/platform.o   -Wl,--start-group,-lxil,-lgcc,-lc,--end-group
Finished building target: snail_microblaze_app.elf
 
Invoking: MicroBlaze Print Size
mb-size snail_microblaze_app.elf  |tee "snail_microblaze_app.elf.size"
   text	   data	    bss	    dec	    hex	filename
 101500	   1504	   3348	 106352	  19f70	snail_microblaze_app.elf
Finished building: snail_microblaze_app.elf.size
 
15:32:55 **** Incremental Build of configuration Debug for project snail_microblaze_app ****
make all 
make: Nothing to be done for 'all'.
17:49:34 **** Auto Build of configuration Debug for project snail_microblaze_app ****
make all 
Building file: ../src/main.c
Invoking: MicroBlaze gcc compiler
mb-gcc -Wall -O0 -g3 -c -fmessage-length=0 -MT"src/main.o" -I../../snail_microblaze_app_bsp/microblaze_0/include -mlittle-endian -mcpu=v11.0 -mxl-soft-mul -Wl,--no-relax -ffunction-sections -fdata-sections -MMD -MP -MF"src/main.d" -MT"src/main.o" -o "src/main.o" "../src/main.c"
../src/main.c: In function 'updateCountReg':
../src/main.c:106:28: warning: format '%d' expects argument of type 'int', but argument 2 has type 'uint32_t {aka long unsigned int}' [-Wformat=]
   printf("Divide example (%d / PI) = %f  \n", value, (float)(value/M_PI));
                           ~^
                           %ld
../src/main.c: In function 'main':
../src/main.c:143:5: warning: implicit declaration of function 'init_platform' [-Wimplicit-function-declaration]
     init_platform(); // unsure if this is needed unless we are cacheing???
     ^~~~~~~~~~~~~
../src/main.c:229:47: warning: format '%u' expects argument of type 'unsigned int', but argument 2 has type 'uint32_t {aka long unsigned int}' [-Wformat=]
  printf("AXI Test: HDL Coder IP Build Date = %u \n",*((uint32_t *)AXI_IP_TEST_BUILD_DATE));
                                              ~^     ~~~~~~~~~~~~~~~~~~~~~~~~~~~~~~~~~~~~~
                                              %lu
../src/main.c:231:52: warning: format '%X' expects argument of type 'unsigned int', but argument 2 has type 'uint16_t * {aka short unsigned int *}' [-Wformat=]
  printf("Motor control register read [amplitude 0x%X = %u ] \n", amplitudeCtrl, *(uint16_t*)amplitudeCtrl);
                                                   ~^
                                                   %hn
../src/main.c:255:29: warning: format '%d' expects argument of type 'int', but argument 2 has type 'uint32_t {aka long unsigned int}' [-Wformat=]
    printf("Value changed = %d \n", *bramPtr_idx1);
                            ~^      ~~~~~~~~~~~~~
                            %ld
../src/main.c:263:29: warning: format '%d' expects argument of type 'int', but argument 2 has type 'uint32_t {aka long unsigned int}' [-Wformat=]
    printf("Value changed = %d \n", *bramPtr_idx2);
                            ~^      ~~~~~~~~~~~~~
                            %ld
../src/main.c:270:2: warning: implicit declaration of function 'cleanup_platform' [-Wimplicit-function-declaration]
  cleanup_platform();
  ^~~~~~~~~~~~~~~~
Finished building: ../src/main.c
 
Building target: snail_microblaze_app.elf
Invoking: MicroBlaze gcc linker
mb-gcc -Wl,-T -Wl,../src/lscript.ld -L../../snail_microblaze_app_bsp/microblaze_0/lib -mlittle-endian -mcpu=v11.0 -mxl-soft-mul -Wl,--no-relax -Wl,--gc-sections -o "snail_microblaze_app.elf" ./src/main.o ./src/platform.o   -Wl,--start-group,-lxil,-lgcc,-lc,--end-group
Finished building target: snail_microblaze_app.elf
 
Invoking: MicroBlaze Print Size
mb-size snail_microblaze_app.elf  |tee "snail_microblaze_app.elf.size"
   text	   data	    bss	    dec	    hex	filename
 101500	   1504	   3348	 106352	  19f70	snail_microblaze_app.elf
Finished building: snail_microblaze_app.elf.size
 
17:49:49 **** Auto Build of configuration Debug for project snail_microblaze_app ****
make all 
Building file: ../src/main.c
Invoking: MicroBlaze gcc compiler
mb-gcc -Wall -O0 -g3 -c -fmessage-length=0 -MT"src/main.o" -I../../snail_microblaze_app_bsp/microblaze_0/include -mlittle-endian -mcpu=v11.0 -mxl-soft-mul -Wl,--no-relax -ffunction-sections -fdata-sections -MMD -MP -MF"src/main.d" -MT"src/main.o" -o "src/main.o" "../src/main.c"
../src/main.c: In function 'updateCountReg':
../src/main.c:106:28: warning: format '%d' expects argument of type 'int', but argument 2 has type 'uint32_t {aka long unsigned int}' [-Wformat=]
   printf("Divide example (%d / PI) = %f  \n", value, (float)(value/M_PI));
                           ~^
                           %ld
../src/main.c: In function 'main':
../src/main.c:143:5: warning: implicit declaration of function 'init_platform' [-Wimplicit-function-declaration]
     init_platform(); // unsure if this is needed unless we are cacheing???
     ^~~~~~~~~~~~~
../src/main.c:229:47: warning: format '%u' expects argument of type 'unsigned int', but argument 2 has type 'uint32_t {aka long unsigned int}' [-Wformat=]
  printf("AXI Test: HDL Coder IP Build Date = %u \n",*((uint32_t *)AXI_IP_TEST_BUILD_DATE));
                                              ~^     ~~~~~~~~~~~~~~~~~~~~~~~~~~~~~~~~~~~~~
                                              %lu
../src/main.c:231:52: warning: format '%X' expects argument of type 'unsigned int', but argument 2 has type 'uint16_t * {aka short unsigned int *}' [-Wformat=]
  printf("Motor control register read [amplitude 0x%X = %u ] \n", amplitudeCtrl, *(uint16_t*)amplitudeCtrl);
                                                   ~^
                                                   %hn
../src/main.c:255:29: warning: format '%d' expects argument of type 'int', but argument 2 has type 'uint32_t {aka long unsigned int}' [-Wformat=]
    printf("Value changed = %d \n", *bramPtr_idx1);
                            ~^      ~~~~~~~~~~~~~
                            %ld
../src/main.c:263:29: warning: format '%d' expects argument of type 'int', but argument 2 has type 'uint32_t {aka long unsigned int}' [-Wformat=]
    printf("Value changed = %d \n", *bramPtr_idx2);
                            ~^      ~~~~~~~~~~~~~
                            %ld
../src/main.c:270:2: warning: implicit declaration of function 'cleanup_platform' [-Wimplicit-function-declaration]
  cleanup_platform();
  ^~~~~~~~~~~~~~~~
Finished building: ../src/main.c
 
Building target: snail_microblaze_app.elf
Invoking: MicroBlaze gcc linker
mb-gcc -Wl,-T -Wl,../src/lscript.ld -L../../snail_microblaze_app_bsp/microblaze_0/lib -mlittle-endian -mcpu=v11.0 -mxl-soft-mul -Wl,--no-relax -Wl,--gc-sections -o "snail_microblaze_app.elf" ./src/main.o ./src/platform.o   -Wl,--start-group,-lxil,-lgcc,-lc,--end-group
Finished building target: snail_microblaze_app.elf
 
Invoking: MicroBlaze Print Size
mb-size snail_microblaze_app.elf  |tee "snail_microblaze_app.elf.size"
   text	   data	    bss	    dec	    hex	filename
 101500	   1504	   3348	 106352	  19f70	snail_microblaze_app.elf
Finished building: snail_microblaze_app.elf.size
 
17:50:31 **** Auto Build of configuration Debug for project snail_microblaze_app ****
make all 
Building file: ../src/main.c
Invoking: MicroBlaze gcc compiler
mb-gcc -Wall -O0 -g3 -c -fmessage-length=0 -MT"src/main.o" -I../../snail_microblaze_app_bsp/microblaze_0/include -mlittle-endian -mcpu=v11.0 -mxl-soft-mul -Wl,--no-relax -ffunction-sections -fdata-sections -MMD -MP -MF"src/main.d" -MT"src/main.o" -o "src/main.o" "../src/main.c"
../src/main.c: In function 'updateCountReg':
../src/main.c:106:28: warning: format '%d' expects argument of type 'int', but argument 2 has type 'uint32_t {aka long unsigned int}' [-Wformat=]
   printf("Divide example (%d / PI) = %f  \n", value, (float)(value/M_PI));
                           ~^
                           %ld
../src/main.c: In function 'main':
../src/main.c:143:5: warning: implicit declaration of function 'init_platform' [-Wimplicit-function-declaration]
     init_platform(); // unsure if this is needed unless we are cacheing???
     ^~~~~~~~~~~~~
../src/main.c:229:47: warning: format '%u' expects argument of type 'unsigned int', but argument 2 has type 'uint32_t {aka long unsigned int}' [-Wformat=]
  printf("AXI Test: HDL Coder IP Build Date = %u \n",*((uint32_t *)AXI_IP_TEST_BUILD_DATE));
                                              ~^     ~~~~~~~~~~~~~~~~~~~~~~~~~~~~~~~~~~~~~
                                              %lu
../src/main.c:231:52: warning: format '%X' expects argument of type 'unsigned int', but argument 2 has type 'uint16_t * {aka short unsigned int *}' [-Wformat=]
  printf("Motor control register read [amplitude 0x%X = %u ] \n", amplitudeCtrl, *(uint16_t*)amplitudeCtrl);
                                                   ~^
                                                   %hn
../src/main.c:255:29: warning: format '%d' expects argument of type 'int', but argument 2 has type 'uint32_t {aka long unsigned int}' [-Wformat=]
    printf("Value changed = %d \n", *bramPtr_idx1);
                            ~^      ~~~~~~~~~~~~~
                            %ld
../src/main.c:263:29: warning: format '%d' expects argument of type 'int', but argument 2 has type 'uint32_t {aka long unsigned int}' [-Wformat=]
    printf("Value changed = %d \n", *bramPtr_idx2);
                            ~^      ~~~~~~~~~~~~~
                            %ld
../src/main.c:270:2: warning: implicit declaration of function 'cleanup_platform' [-Wimplicit-function-declaration]
  cleanup_platform();
  ^~~~~~~~~~~~~~~~
Finished building: ../src/main.c
 
Building target: snail_microblaze_app.elf
Invoking: MicroBlaze gcc linker
mb-gcc -Wl,-T -Wl,../src/lscript.ld -L../../snail_microblaze_app_bsp/microblaze_0/lib -mlittle-endian -mcpu=v11.0 -mxl-soft-mul -Wl,--no-relax -Wl,--gc-sections -o "snail_microblaze_app.elf" ./src/main.o ./src/platform.o   -Wl,--start-group,-lxil,-lgcc,-lc,--end-group
Finished building target: snail_microblaze_app.elf
 
Invoking: MicroBlaze Print Size
mb-size snail_microblaze_app.elf  |tee "snail_microblaze_app.elf.size"
   text	   data	    bss	    dec	    hex	filename
 101504	   1504	   3344	 106352	  19f70	snail_microblaze_app.elf
Finished building: snail_microblaze_app.elf.size
 
17:50:48 **** Auto Build of configuration Debug for project snail_microblaze_app ****
make all 
Building file: ../src/main.c
Invoking: MicroBlaze gcc compiler
mb-gcc -Wall -O0 -g3 -c -fmessage-length=0 -MT"src/main.o" -I../../snail_microblaze_app_bsp/microblaze_0/include -mlittle-endian -mcpu=v11.0 -mxl-soft-mul -Wl,--no-relax -ffunction-sections -fdata-sections -MMD -MP -MF"src/main.d" -MT"src/main.o" -o "src/main.o" "../src/main.c"
../src/main.c: In function 'updateCountReg':
../src/main.c:106:28: warning: format '%d' expects argument of type 'int', but argument 2 has type 'uint32_t {aka long unsigned int}' [-Wformat=]
   printf("Divide example (%d / PI) = %f  \n", value, (float)(value/M_PI));
                           ~^
                           %ld
../src/main.c: In function 'main':
../src/main.c:143:5: warning: implicit declaration of function 'init_platform' [-Wimplicit-function-declaration]
     init_platform(); // unsure if this is needed unless we are cacheing???
     ^~~~~~~~~~~~~
../src/main.c:229:47: warning: format '%u' expects argument of type 'unsigned int', but argument 2 has type 'uint32_t {aka long unsigned int}' [-Wformat=]
  printf("AXI Test: HDL Coder IP Build Date = %u \n",*((uint32_t *)AXI_IP_TEST_BUILD_DATE));
                                              ~^     ~~~~~~~~~~~~~~~~~~~~~~~~~~~~~~~~~~~~~
                                              %lu
../src/main.c:231:52: warning: format '%X' expects argument of type 'unsigned int', but argument 2 has type 'uint16_t * {aka short unsigned int *}' [-Wformat=]
  printf("Motor control register read [amplitude 0x%X = %u ] \n", amplitudeCtrl, *(uint16_t*)amplitudeCtrl);
                                                   ~^
                                                   %hn
../src/main.c:255:29: warning: format '%d' expects argument of type 'int', but argument 2 has type 'uint32_t {aka long unsigned int}' [-Wformat=]
    printf("Value changed = %d \n", *bramPtr_idx1);
                            ~^      ~~~~~~~~~~~~~
                            %ld
../src/main.c:263:29: warning: format '%d' expects argument of type 'int', but argument 2 has type 'uint32_t {aka long unsigned int}' [-Wformat=]
    printf("Value changed = %d \n", *bramPtr_idx2);
                            ~^      ~~~~~~~~~~~~~
                            %ld
../src/main.c:271:2: warning: implicit declaration of function 'cleanup_platform' [-Wimplicit-function-declaration]
  cleanup_platform();
  ^~~~~~~~~~~~~~~~
Finished building: ../src/main.c
 
Building target: snail_microblaze_app.elf
Invoking: MicroBlaze gcc linker
mb-gcc -Wl,-T -Wl,../src/lscript.ld -L../../snail_microblaze_app_bsp/microblaze_0/lib -mlittle-endian -mcpu=v11.0 -mxl-soft-mul -Wl,--no-relax -Wl,--gc-sections -o "snail_microblaze_app.elf" ./src/main.o ./src/platform.o   -Wl,--start-group,-lxil,-lgcc,-lc,--end-group
Finished building target: snail_microblaze_app.elf
 
Invoking: MicroBlaze Print Size
mb-size snail_microblaze_app.elf  |tee "snail_microblaze_app.elf.size"
   text	   data	    bss	    dec	    hex	filename
 101560	   1504	   3344	 106408	  19fa8	snail_microblaze_app.elf
Finished building: snail_microblaze_app.elf.size
 
17:50:49 **** Incremental Build of configuration Debug for project snail_microblaze_app ****
make all 
make: Nothing to be done for 'all'.
18:10:51 **** Auto Build of configuration Debug for project snail_microblaze_app ****
make all 
Building file: ../src/main.c
Invoking: MicroBlaze gcc compiler
mb-gcc -Wall -O0 -g3 -c -fmessage-length=0 -MT"src/main.o" -I../../snail_microblaze_app_bsp/microblaze_0/include -mlittle-endian -mcpu=v11.0 -mxl-soft-mul -Wl,--no-relax -ffunction-sections -fdata-sections -MMD -MP -MF"src/main.d" -MT"src/main.o" -o "src/main.o" "../src/main.c"
../src/main.c: In function 'updateCountReg':
../src/main.c:106:28: warning: format '%d' expects argument of type 'int', but argument 2 has type 'uint32_t {aka long unsigned int}' [-Wformat=]
   printf("Divide example (%d / PI) = %f  \n", value, (float)(value/M_PI));
                           ~^
                           %ld
../src/main.c: In function 'main':
../src/main.c:143:5: warning: implicit declaration of function 'init_platform' [-Wimplicit-function-declaration]
     init_platform(); // unsure if this is needed unless we are cacheing???
     ^~~~~~~~~~~~~
../src/main.c:229:47: warning: format '%u' expects argument of type 'unsigned int', but argument 2 has type 'uint32_t {aka long unsigned int}' [-Wformat=]
  printf("AXI Test: HDL Coder IP Build Date = %u \n",*((uint32_t *)AXI_IP_TEST_BUILD_DATE));
                                              ~^     ~~~~~~~~~~~~~~~~~~~~~~~~~~~~~~~~~~~~~
                                              %lu
../src/main.c:231:52: warning: format '%X' expects argument of type 'unsigned int', but argument 2 has type 'uint16_t * {aka short unsigned int *}' [-Wformat=]
  printf("Motor control register read [amplitude 0x%X = %u ] \n", amplitudeCtrl, *(uint16_t*)amplitudeCtrl);
                                                   ~^
                                                   %hn
../src/main.c:255:29: warning: format '%d' expects argument of type 'int', but argument 2 has type 'uint32_t {aka long unsigned int}' [-Wformat=]
    printf("Value changed = %d \n", *bramPtr_idx1);
                            ~^      ~~~~~~~~~~~~~
                            %ld
../src/main.c:263:29: warning: format '%d' expects argument of type 'int', but argument 2 has type 'uint32_t {aka long unsigned int}' [-Wformat=]
    printf("Value changed = %d \n", *bramPtr_idx2);
                            ~^      ~~~~~~~~~~~~~
                            %ld
../src/main.c:266:27: warning: format '%u' expects argument of type 'unsigned int', but argument 2 has type 'uint32_t {aka long unsigned int}' [-Wformat=]
   printf("Encoder info = %u \n",*encoderRegRead);
                          ~^     ~~~~~~~~~~~~~~~
                          %lu
../src/main.c:271:2: warning: implicit declaration of function 'cleanup_platform' [-Wimplicit-function-declaration]
  cleanup_platform();
  ^~~~~~~~~~~~~~~~
Finished building: ../src/main.c
 
Building target: snail_microblaze_app.elf
Invoking: MicroBlaze gcc linker
mb-gcc -Wl,-T -Wl,../src/lscript.ld -L../../snail_microblaze_app_bsp/microblaze_0/lib -mlittle-endian -mcpu=v11.0 -mxl-soft-mul -Wl,--no-relax -Wl,--gc-sections -o "snail_microblaze_app.elf" ./src/main.o ./src/platform.o   -Wl,--start-group,-lxil,-lgcc,-lc,--end-group
Finished building target: snail_microblaze_app.elf
 
Invoking: MicroBlaze Print Size
mb-size snail_microblaze_app.elf  |tee "snail_microblaze_app.elf.size"
   text	   data	    bss	    dec	    hex	filename
 101560	   1508	   3348	 106416	  19fb0	snail_microblaze_app.elf
Finished building: snail_microblaze_app.elf.size
 
18:10:51 **** Incremental Build of configuration Debug for project snail_microblaze_app ****
make all 
make: Nothing to be done for 'all'.
18:10:54 **** Incremental Build of configuration Debug for project snail_microblaze_app ****
make all 
make: Nothing to be done for 'all'.
09:02:24 **** Auto Build of configuration Debug for project snail_microblaze_app ****
make all 
Building file: ../src/main.c
Invoking: MicroBlaze gcc compiler
mb-gcc -Wall -O0 -g3 -c -fmessage-length=0 -MT"src/main.o" -I../../snail_microblaze_app_bsp/microblaze_0/include -mlittle-endian -mcpu=v11.0 -mxl-soft-mul -Wl,--no-relax -ffunction-sections -fdata-sections -MMD -MP -MF"src/main.d" -MT"src/main.o" -o "src/main.o" "../src/main.c"
../src/main.c: In function 'updateCountReg':
../src/main.c:106:28: warning: format '%d' expects argument of type 'int', but argument 2 has type 'uint32_t {aka long unsigned int}' [-Wformat=]
   printf("Divide example (%d / PI) = %f  \n", value, (float)(value/M_PI));
                           ~^
                           %ld
../src/main.c: In function 'main':
../src/main.c:148:5: warning: implicit declaration of function 'init_platform' [-Wimplicit-function-declaration]
     init_platform(); // unsure if this is needed unless we are cacheing???
     ^~~~~~~~~~~~~
../src/main.c:234:47: warning: format '%u' expects argument of type 'unsigned int', but argument 2 has type 'uint32_t {aka long unsigned int}' [-Wformat=]
  printf("AXI Test: HDL Coder IP Build Date = %u \n",*((uint32_t *)AXI_IP_TEST_BUILD_DATE));
                                              ~^     ~~~~~~~~~~~~~~~~~~~~~~~~~~~~~~~~~~~~~
                                              %lu
../src/main.c:236:52: warning: format '%X' expects argument of type 'unsigned int', but argument 2 has type 'uint16_t * {aka short unsigned int *}' [-Wformat=]
  printf("Motor control register read [amplitude 0x%X = %u ] \n", amplitudeCtrl, *(uint16_t*)amplitudeCtrl);
                                                   ~^
                                                   %hn
../src/main.c:260:29: warning: format '%d' expects argument of type 'int', but argument 2 has type 'uint32_t {aka long unsigned int}' [-Wformat=]
    printf("Value changed = %d \n", *bramPtr_idx1);
                            ~^      ~~~~~~~~~~~~~
                            %ld
../src/main.c:268:29: warning: format '%d' expects argument of type 'int', but argument 2 has type 'uint32_t {aka long unsigned int}' [-Wformat=]
    printf("Value changed = %d \n", *bramPtr_idx2);
                            ~^      ~~~~~~~~~~~~~
                            %ld
../src/main.c:271:27: warning: format '%u' expects argument of type 'unsigned int', but argument 2 has type 'uint32_t {aka long unsigned int}' [-Wformat=]
   printf("Encoder info = %u \n",*encoderRegRead);
                          ~^     ~~~~~~~~~~~~~~~
                          %lu
../src/main.c:276:2: warning: implicit declaration of function 'cleanup_platform' [-Wimplicit-function-declaration]
  cleanup_platform();
  ^~~~~~~~~~~~~~~~
Finished building: ../src/main.c
 
Building target: snail_microblaze_app.elf
Invoking: MicroBlaze gcc linker
mb-gcc -Wl,-T -Wl,../src/lscript.ld -L../../snail_microblaze_app_bsp/microblaze_0/lib -mlittle-endian -mcpu=v11.0 -mxl-soft-mul -Wl,--no-relax -Wl,--gc-sections -o "snail_microblaze_app.elf" ./src/main.o ./src/platform.o   -Wl,--start-group,-lxil,-lgcc,-lc,--end-group
Finished building target: snail_microblaze_app.elf
 
Invoking: MicroBlaze Print Size
mb-size snail_microblaze_app.elf  |tee "snail_microblaze_app.elf.size"
   text	   data	    bss	    dec	    hex	filename
 101560	   1508	   3348	 106416	  19fb0	snail_microblaze_app.elf
Finished building: snail_microblaze_app.elf.size
 
09:03:01 **** Auto Build of configuration Debug for project snail_microblaze_app ****
make all 
Building file: ../src/main.c
Invoking: MicroBlaze gcc compiler
mb-gcc -Wall -O0 -g3 -c -fmessage-length=0 -MT"src/main.o" -I../../snail_microblaze_app_bsp/microblaze_0/include -mlittle-endian -mcpu=v11.0 -mxl-soft-mul -Wl,--no-relax -ffunction-sections -fdata-sections -MMD -MP -MF"src/main.d" -MT"src/main.o" -o "src/main.o" "../src/main.c"
../src/main.c: In function 'updateCountReg':
../src/main.c:106:28: warning: format '%d' expects argument of type 'int', but argument 2 has type 'uint32_t {aka long unsigned int}' [-Wformat=]
   printf("Divide example (%d / PI) = %f  \n", value, (float)(value/M_PI));
                           ~^
                           %ld
../src/main.c: In function 'main':
../src/main.c:148:5: warning: implicit declaration of function 'init_platform' [-Wimplicit-function-declaration]
     init_platform(); // unsure if this is needed unless we are cacheing???
     ^~~~~~~~~~~~~
../src/main.c:234:47: warning: format '%u' expects argument of type 'unsigned int', but argument 2 has type 'uint32_t {aka long unsigned int}' [-Wformat=]
  printf("AXI Test: HDL Coder IP Build Date = %u \n",*((uint32_t *)AXI_IP_TEST_BUILD_DATE));
                                              ~^     ~~~~~~~~~~~~~~~~~~~~~~~~~~~~~~~~~~~~~
                                              %lu
../src/main.c:236:52: warning: format '%X' expects argument of type 'unsigned int', but argument 2 has type 'uint16_t * {aka short unsigned int *}' [-Wformat=]
  printf("Motor control register read [amplitude 0x%X = %u ] \n", amplitudeCtrl, *(uint16_t*)amplitudeCtrl);
                                                   ~^
                                                   %hn
../src/main.c:260:29: warning: format '%d' expects argument of type 'int', but argument 2 has type 'uint32_t {aka long unsigned int}' [-Wformat=]
    printf("Value changed = %d \n", *bramPtr_idx1);
                            ~^      ~~~~~~~~~~~~~
                            %ld
../src/main.c:268:29: warning: format '%d' expects argument of type 'int', but argument 2 has type 'uint32_t {aka long unsigned int}' [-Wformat=]
    printf("Value changed = %d \n", *bramPtr_idx2);
                            ~^      ~~~~~~~~~~~~~
                            %ld
../src/main.c:277:2: warning: implicit declaration of function 'cleanup_platform' [-Wimplicit-function-declaration]
  cleanup_platform();
  ^~~~~~~~~~~~~~~~
Finished building: ../src/main.c
 
Building target: snail_microblaze_app.elf
Invoking: MicroBlaze gcc linker
mb-gcc -Wl,-T -Wl,../src/lscript.ld -L../../snail_microblaze_app_bsp/microblaze_0/lib -mlittle-endian -mcpu=v11.0 -mxl-soft-mul -Wl,--no-relax -Wl,--gc-sections -o "snail_microblaze_app.elf" ./src/main.o ./src/platform.o   -Wl,--start-group,-lxil,-lgcc,-lc,--end-group
Finished building target: snail_microblaze_app.elf
 
Invoking: MicroBlaze Print Size
mb-size snail_microblaze_app.elf  |tee "snail_microblaze_app.elf.size"
   text	   data	    bss	    dec	    hex	filename
 101620	   1508	   3352	 106480	  19ff0	snail_microblaze_app.elf
Finished building: snail_microblaze_app.elf.size
 
09:03:04 **** Auto Build of configuration Debug for project snail_microblaze_app ****
make all 
Building file: ../src/main.c
Invoking: MicroBlaze gcc compiler
mb-gcc -Wall -O0 -g3 -c -fmessage-length=0 -MT"src/main.o" -I../../snail_microblaze_app_bsp/microblaze_0/include -mlittle-endian -mcpu=v11.0 -mxl-soft-mul -Wl,--no-relax -ffunction-sections -fdata-sections -MMD -MP -MF"src/main.d" -MT"src/main.o" -o "src/main.o" "../src/main.c"
../src/main.c: In function 'updateCountReg':
../src/main.c:106:28: warning: format '%d' expects argument of type 'int', but argument 2 has type 'uint32_t {aka long unsigned int}' [-Wformat=]
   printf("Divide example (%d / PI) = %f  \n", value, (float)(value/M_PI));
                           ~^
                           %ld
../src/main.c: In function 'main':
../src/main.c:148:5: warning: implicit declaration of function 'init_platform' [-Wimplicit-function-declaration]
     init_platform(); // unsure if this is needed unless we are cacheing???
     ^~~~~~~~~~~~~
../src/main.c:234:47: warning: format '%u' expects argument of type 'unsigned int', but argument 2 has type 'uint32_t {aka long unsigned int}' [-Wformat=]
  printf("AXI Test: HDL Coder IP Build Date = %u \n",*((uint32_t *)AXI_IP_TEST_BUILD_DATE));
                                              ~^     ~~~~~~~~~~~~~~~~~~~~~~~~~~~~~~~~~~~~~
                                              %lu
../src/main.c:236:52: warning: format '%X' expects argument of type 'unsigned int', but argument 2 has type 'uint16_t * {aka short unsigned int *}' [-Wformat=]
  printf("Motor control register read [amplitude 0x%X = %u ] \n", amplitudeCtrl, *(uint16_t*)amplitudeCtrl);
                                                   ~^
                                                   %hn
../src/main.c:260:29: warning: format '%d' expects argument of type 'int', but argument 2 has type 'uint32_t {aka long unsigned int}' [-Wformat=]
    printf("Value changed = %d \n", *bramPtr_idx1);
                            ~^      ~~~~~~~~~~~~~
                            %ld
../src/main.c:268:29: warning: format '%d' expects argument of type 'int', but argument 2 has type 'uint32_t {aka long unsigned int}' [-Wformat=]
    printf("Value changed = %d \n", *bramPtr_idx2);
                            ~^      ~~~~~~~~~~~~~
                            %ld
../src/main.c:276:2: warning: implicit declaration of function 'cleanup_platform' [-Wimplicit-function-declaration]
  cleanup_platform();
  ^~~~~~~~~~~~~~~~
Finished building: ../src/main.c
 
Building target: snail_microblaze_app.elf
Invoking: MicroBlaze gcc linker
mb-gcc -Wl,-T -Wl,../src/lscript.ld -L../../snail_microblaze_app_bsp/microblaze_0/lib -mlittle-endian -mcpu=v11.0 -mxl-soft-mul -Wl,--no-relax -Wl,--gc-sections -o "snail_microblaze_app.elf" ./src/main.o ./src/platform.o   -Wl,--start-group,-lxil,-lgcc,-lc,--end-group
Finished building target: snail_microblaze_app.elf
 
Invoking: MicroBlaze Print Size
mb-size snail_microblaze_app.elf  |tee "snail_microblaze_app.elf.size"
   text	   data	    bss	    dec	    hex	filename
 101620	   1508	   3352	 106480	  19ff0	snail_microblaze_app.elf
Finished building: snail_microblaze_app.elf.size
 
09:03:05 **** Incremental Build of configuration Debug for project snail_microblaze_app ****
make all 
make: Nothing to be done for 'all'.
09:03:51 **** Auto Build of configuration Debug for project snail_microblaze_app ****
make all 
Building file: ../src/main.c
Invoking: MicroBlaze gcc compiler
mb-gcc -Wall -O0 -g3 -c -fmessage-length=0 -MT"src/main.o" -I../../snail_microblaze_app_bsp/microblaze_0/include -mlittle-endian -mcpu=v11.0 -mxl-soft-mul -Wl,--no-relax -ffunction-sections -fdata-sections -MMD -MP -MF"src/main.d" -MT"src/main.o" -o "src/main.o" "../src/main.c"
../src/main.c: In function 'updateCountReg':
../src/main.c:106:28: warning: format '%d' expects argument of type 'int', but argument 2 has type 'uint32_t {aka long unsigned int}' [-Wformat=]
   printf("Divide example (%d / PI) = %f  \n", value, (float)(value/M_PI));
                           ~^
                           %ld
../src/main.c: In function 'main':
../src/main.c:151:5: warning: implicit declaration of function 'init_platform' [-Wimplicit-function-declaration]
     init_platform(); // unsure if this is needed unless we are cacheing???
     ^~~~~~~~~~~~~
../src/main.c:237:47: warning: format '%u' expects argument of type 'unsigned int', but argument 2 has type 'uint32_t {aka long unsigned int}' [-Wformat=]
  printf("AXI Test: HDL Coder IP Build Date = %u \n",*((uint32_t *)AXI_IP_TEST_BUILD_DATE));
                                              ~^     ~~~~~~~~~~~~~~~~~~~~~~~~~~~~~~~~~~~~~
                                              %lu
../src/main.c:239:52: warning: format '%X' expects argument of type 'unsigned int', but argument 2 has type 'uint16_t * {aka short unsigned int *}' [-Wformat=]
  printf("Motor control register read [amplitude 0x%X = %u ] \n", amplitudeCtrl, *(uint16_t*)amplitudeCtrl);
                                                   ~^
                                                   %hn
../src/main.c:263:29: warning: format '%d' expects argument of type 'int', but argument 2 has type 'uint32_t {aka long unsigned int}' [-Wformat=]
    printf("Value changed = %d \n", *bramPtr_idx1);
                            ~^      ~~~~~~~~~~~~~
                            %ld
../src/main.c:271:29: warning: format '%d' expects argument of type 'int', but argument 2 has type 'uint32_t {aka long unsigned int}' [-Wformat=]
    printf("Value changed = %d \n", *bramPtr_idx2);
                            ~^      ~~~~~~~~~~~~~
                            %ld
../src/main.c:279:2: warning: implicit declaration of function 'cleanup_platform' [-Wimplicit-function-declaration]
  cleanup_platform();
  ^~~~~~~~~~~~~~~~
Finished building: ../src/main.c
 
Building target: snail_microblaze_app.elf
Invoking: MicroBlaze gcc linker
mb-gcc -Wl,-T -Wl,../src/lscript.ld -L../../snail_microblaze_app_bsp/microblaze_0/lib -mlittle-endian -mcpu=v11.0 -mxl-soft-mul -Wl,--no-relax -Wl,--gc-sections -o "snail_microblaze_app.elf" ./src/main.o ./src/platform.o   -Wl,--start-group,-lxil,-lgcc,-lc,--end-group
Finished building target: snail_microblaze_app.elf
 
Invoking: MicroBlaze Print Size
mb-size snail_microblaze_app.elf  |tee "snail_microblaze_app.elf.size"
   text	   data	    bss	    dec	    hex	filename
 101620	   1508	   3352	 106480	  19ff0	snail_microblaze_app.elf
Finished building: snail_microblaze_app.elf.size
 
09:03:53 **** Auto Build of configuration Debug for project snail_microblaze_app ****
make all 
Building file: ../src/main.c
Invoking: MicroBlaze gcc compiler
mb-gcc -Wall -O0 -g3 -c -fmessage-length=0 -MT"src/main.o" -I../../snail_microblaze_app_bsp/microblaze_0/include -mlittle-endian -mcpu=v11.0 -mxl-soft-mul -Wl,--no-relax -ffunction-sections -fdata-sections -MMD -MP -MF"src/main.d" -MT"src/main.o" -o "src/main.o" "../src/main.c"
../src/main.c: In function 'updateCountReg':
../src/main.c:106:28: warning: format '%d' expects argument of type 'int', but argument 2 has type 'uint32_t {aka long unsigned int}' [-Wformat=]
   printf("Divide example (%d / PI) = %f  \n", value, (float)(value/M_PI));
                           ~^
                           %ld
../src/main.c: In function 'main':
../src/main.c:151:5: warning: implicit declaration of function 'init_platform' [-Wimplicit-function-declaration]
     init_platform(); // unsure if this is needed unless we are cacheing???
     ^~~~~~~~~~~~~
../src/main.c:237:47: warning: format '%u' expects argument of type 'unsigned int', but argument 2 has type 'uint32_t {aka long unsigned int}' [-Wformat=]
  printf("AXI Test: HDL Coder IP Build Date = %u \n",*((uint32_t *)AXI_IP_TEST_BUILD_DATE));
                                              ~^     ~~~~~~~~~~~~~~~~~~~~~~~~~~~~~~~~~~~~~
                                              %lu
../src/main.c:239:52: warning: format '%X' expects argument of type 'unsigned int', but argument 2 has type 'uint16_t * {aka short unsigned int *}' [-Wformat=]
  printf("Motor control register read [amplitude 0x%X = %u ] \n", amplitudeCtrl, *(uint16_t*)amplitudeCtrl);
                                                   ~^
                                                   %hn
../src/main.c:263:29: warning: format '%d' expects argument of type 'int', but argument 2 has type 'uint32_t {aka long unsigned int}' [-Wformat=]
    printf("Value changed = %d \n", *bramPtr_idx1);
                            ~^      ~~~~~~~~~~~~~
                            %ld
../src/main.c:271:29: warning: format '%d' expects argument of type 'int', but argument 2 has type 'uint32_t {aka long unsigned int}' [-Wformat=]
    printf("Value changed = %d \n", *bramPtr_idx2);
                            ~^      ~~~~~~~~~~~~~
                            %ld
../src/main.c:279:2: warning: implicit declaration of function 'cleanup_platform' [-Wimplicit-function-declaration]
  cleanup_platform();
  ^~~~~~~~~~~~~~~~
Finished building: ../src/main.c
 
Building target: snail_microblaze_app.elf
Invoking: MicroBlaze gcc linker
mb-gcc -Wl,-T -Wl,../src/lscript.ld -L../../snail_microblaze_app_bsp/microblaze_0/lib -mlittle-endian -mcpu=v11.0 -mxl-soft-mul -Wl,--no-relax -Wl,--gc-sections -o "snail_microblaze_app.elf" ./src/main.o ./src/platform.o   -Wl,--start-group,-lxil,-lgcc,-lc,--end-group
Finished building target: snail_microblaze_app.elf
 
Invoking: MicroBlaze Print Size
mb-size snail_microblaze_app.elf  |tee "snail_microblaze_app.elf.size"
   text	   data	    bss	    dec	    hex	filename
 101620	   1508	   3352	 106480	  19ff0	snail_microblaze_app.elf
Finished building: snail_microblaze_app.elf.size
 
09:04:20 **** Auto Build of configuration Debug for project snail_microblaze_app ****
make all 
Building file: ../src/main.c
Invoking: MicroBlaze gcc compiler
mb-gcc -Wall -O0 -g3 -c -fmessage-length=0 -MT"src/main.o" -I../../snail_microblaze_app_bsp/microblaze_0/include -mlittle-endian -mcpu=v11.0 -mxl-soft-mul -Wl,--no-relax -ffunction-sections -fdata-sections -MMD -MP -MF"src/main.d" -MT"src/main.o" -o "src/main.o" "../src/main.c"
../src/main.c: In function 'updateCountReg':
../src/main.c:106:28: warning: format '%d' expects argument of type 'int', but argument 2 has type 'uint32_t {aka long unsigned int}' [-Wformat=]
   printf("Divide example (%d / PI) = %f  \n", value, (float)(value/M_PI));
                           ~^
                           %ld
../src/main.c: In function 'main':
../src/main.c:151:5: warning: implicit declaration of function 'init_platform' [-Wimplicit-function-declaration]
     init_platform(); // unsure if this is needed unless we are cacheing???
     ^~~~~~~~~~~~~
../src/main.c:237:47: warning: format '%u' expects argument of type 'unsigned int', but argument 2 has type 'uint32_t {aka long unsigned int}' [-Wformat=]
  printf("AXI Test: HDL Coder IP Build Date = %u \n",*((uint32_t *)AXI_IP_TEST_BUILD_DATE));
                                              ~^     ~~~~~~~~~~~~~~~~~~~~~~~~~~~~~~~~~~~~~
                                              %lu
../src/main.c:239:52: warning: format '%X' expects argument of type 'unsigned int', but argument 2 has type 'uint16_t * {aka short unsigned int *}' [-Wformat=]
  printf("Motor control register read [amplitude 0x%X = %u ] \n", amplitudeCtrl, *(uint16_t*)amplitudeCtrl);
                                                   ~^
                                                   %hn
../src/main.c:263:29: warning: format '%d' expects argument of type 'int', but argument 2 has type 'uint32_t {aka long unsigned int}' [-Wformat=]
    printf("Value changed = %d \n", *bramPtr_idx1);
                            ~^      ~~~~~~~~~~~~~
                            %ld
../src/main.c:271:29: warning: format '%d' expects argument of type 'int', but argument 2 has type 'uint32_t {aka long unsigned int}' [-Wformat=]
    printf("Value changed = %d \n", *bramPtr_idx2);
                            ~^      ~~~~~~~~~~~~~
                            %ld
../src/main.c:274:10: warning: too many arguments for format [-Wformat-extra-args]
   printf("Encoder info = %u \n",extract_bottom_11_bits(*encoderRegRead), extract_top_encoder_bits(*encoderRegRead));
          ^~~~~~~~~~~~~~~~~~~~~~
../src/main.c:279:2: warning: implicit declaration of function 'cleanup_platform' [-Wimplicit-function-declaration]
  cleanup_platform();
  ^~~~~~~~~~~~~~~~
Finished building: ../src/main.c
 
Building target: snail_microblaze_app.elf
Invoking: MicroBlaze gcc linker
mb-gcc -Wl,-T -Wl,../src/lscript.ld -L../../snail_microblaze_app_bsp/microblaze_0/lib -mlittle-endian -mcpu=v11.0 -mxl-soft-mul -Wl,--no-relax -Wl,--gc-sections -o "snail_microblaze_app.elf" ./src/main.o ./src/platform.o   -Wl,--start-group,-lxil,-lgcc,-lc,--end-group
Finished building target: snail_microblaze_app.elf
 
Invoking: MicroBlaze Print Size
mb-size snail_microblaze_app.elf  |tee "snail_microblaze_app.elf.size"
   text	   data	    bss	    dec	    hex	filename
 101756	   1508	   3352	 106616	  1a078	snail_microblaze_app.elf
Finished building: snail_microblaze_app.elf.size
 
09:04:32 **** Auto Build of configuration Debug for project snail_microblaze_app ****
make all 
Building file: ../src/main.c
Invoking: MicroBlaze gcc compiler
mb-gcc -Wall -O0 -g3 -c -fmessage-length=0 -MT"src/main.o" -I../../snail_microblaze_app_bsp/microblaze_0/include -mlittle-endian -mcpu=v11.0 -mxl-soft-mul -Wl,--no-relax -ffunction-sections -fdata-sections -MMD -MP -MF"src/main.d" -MT"src/main.o" -o "src/main.o" "../src/main.c"
../src/main.c: In function 'updateCountReg':
../src/main.c:106:28: warning: format '%d' expects argument of type 'int', but argument 2 has type 'uint32_t {aka long unsigned int}' [-Wformat=]
   printf("Divide example (%d / PI) = %f  \n", value, (float)(value/M_PI));
                           ~^
                           %ld
../src/main.c: In function 'main':
../src/main.c:151:5: warning: implicit declaration of function 'init_platform' [-Wimplicit-function-declaration]
     init_platform(); // unsure if this is needed unless we are cacheing???
     ^~~~~~~~~~~~~
../src/main.c:237:47: warning: format '%u' expects argument of type 'unsigned int', but argument 2 has type 'uint32_t {aka long unsigned int}' [-Wformat=]
  printf("AXI Test: HDL Coder IP Build Date = %u \n",*((uint32_t *)AXI_IP_TEST_BUILD_DATE));
                                              ~^     ~~~~~~~~~~~~~~~~~~~~~~~~~~~~~~~~~~~~~
                                              %lu
../src/main.c:239:52: warning: format '%X' expects argument of type 'unsigned int', but argument 2 has type 'uint16_t * {aka short unsigned int *}' [-Wformat=]
  printf("Motor control register read [amplitude 0x%X = %u ] \n", amplitudeCtrl, *(uint16_t*)amplitudeCtrl);
                                                   ~^
                                                   %hn
../src/main.c:263:29: warning: format '%d' expects argument of type 'int', but argument 2 has type 'uint32_t {aka long unsigned int}' [-Wformat=]
    printf("Value changed = %d \n", *bramPtr_idx1);
                            ~^      ~~~~~~~~~~~~~
                            %ld
../src/main.c:271:29: warning: format '%d' expects argument of type 'int', but argument 2 has type 'uint32_t {aka long unsigned int}' [-Wformat=]
    printf("Value changed = %d \n", *bramPtr_idx2);
                            ~^      ~~~~~~~~~~~~~
                            %ld
../src/main.c:279:2: warning: implicit declaration of function 'cleanup_platform' [-Wimplicit-function-declaration]
  cleanup_platform();
  ^~~~~~~~~~~~~~~~
Finished building: ../src/main.c
 
Building target: snail_microblaze_app.elf
Invoking: MicroBlaze gcc linker
mb-gcc -Wl,-T -Wl,../src/lscript.ld -L../../snail_microblaze_app_bsp/microblaze_0/lib -mlittle-endian -mcpu=v11.0 -mxl-soft-mul -Wl,--no-relax -Wl,--gc-sections -o "snail_microblaze_app.elf" ./src/main.o ./src/platform.o   -Wl,--start-group,-lxil,-lgcc,-lc,--end-group
Finished building target: snail_microblaze_app.elf
 
Invoking: MicroBlaze Print Size
mb-size snail_microblaze_app.elf  |tee "snail_microblaze_app.elf.size"
   text	   data	    bss	    dec	    hex	filename
 101764	   1508	   3352	 106624	  1a080	snail_microblaze_app.elf
Finished building: snail_microblaze_app.elf.size
 
09:04:33 **** Incremental Build of configuration Debug for project snail_microblaze_app ****
make all 
make: Nothing to be done for 'all'.
09:12:55 **** Auto Build of configuration Debug for project snail_microblaze_app ****
make all 
Building file: ../src/main.c
Invoking: MicroBlaze gcc compiler
mb-gcc -Wall -O0 -g3 -c -fmessage-length=0 -MT"src/main.o" -I../../snail_microblaze_app_bsp/microblaze_0/include -mlittle-endian -mcpu=v11.0 -mxl-soft-mul -Wl,--no-relax -ffunction-sections -fdata-sections -MMD -MP -MF"src/main.d" -MT"src/main.o" -o "src/main.o" "../src/main.c"
../src/main.c:100:20: error: 'false' undeclared here (not in a function); did you mean 'fabsl'?
 int8_t flipSpeed = false;
                    ^~~~~
                    fabsl
../src/main.c: In function 'updateCountReg':
../src/main.c:107:28: warning: format '%d' expects argument of type 'int', but argument 2 has type 'uint32_t {aka long unsigned int}' [-Wformat=]
   printf("Divide example (%d / PI) = %f  \n", value, (float)(value/M_PI));
                           ~^
                           %ld
../src/main.c: In function 'MyIsr_1':
../src/main.c:133:1: error: expected expression before '}' token
 }
 ^
../src/main.c: In function 'main':
../src/main.c:153:5: warning: implicit declaration of function 'init_platform' [-Wimplicit-function-declaration]
     init_platform(); // unsure if this is needed unless we are cacheing???
     ^~~~~~~~~~~~~
../src/main.c:239:47: warning: format '%u' expects argument of type 'unsigned int', but argument 2 has type 'uint32_t {aka long unsigned int}' [-Wformat=]
  printf("AXI Test: HDL Coder IP Build Date = %u \n",*((uint32_t *)AXI_IP_TEST_BUILD_DATE));
                                              ~^     ~~~~~~~~~~~~~~~~~~~~~~~~~~~~~~~~~~~~~
                                              %lu
../src/main.c:241:52: warning: format '%X' expects argument of type 'unsigned int', but argument 2 has type 'uint16_t * {aka short unsigned int *}' [-Wformat=]
  printf("Motor control register read [amplitude 0x%X = %u ] \n", amplitudeCtrl, *(uint16_t*)amplitudeCtrl);
                                                   ~^
                                                   %hn
../src/main.c:265:29: warning: format '%d' expects argument of type 'int', but argument 2 has type 'uint32_t {aka long unsigned int}' [-Wformat=]
    printf("Value changed = %d \n", *bramPtr_idx1);
                            ~^      ~~~~~~~~~~~~~
                            %ld
../src/main.c:273:29: warning: format '%d' expects argument of type 'int', but argument 2 has type 'uint32_t {aka long unsigned int}' [-Wformat=]
    printf("Value changed = %d \n", *bramPtr_idx2);
                            ~^      ~~~~~~~~~~~~~
                            %ld
../src/main.c:281:2: warning: implicit declaration of function 'cleanup_platform' [-Wimplicit-function-declaration]
  cleanup_platform();
  ^~~~~~~~~~~~~~~~
make: *** [src/subdir.mk:26: src/main.o] Error 1
09:13:01 **** Auto Build of configuration Debug for project snail_microblaze_app ****
make all 
Building file: ../src/main.c
Invoking: MicroBlaze gcc compiler
mb-gcc -Wall -O0 -g3 -c -fmessage-length=0 -MT"src/main.o" -I../../snail_microblaze_app_bsp/microblaze_0/include -mlittle-endian -mcpu=v11.0 -mxl-soft-mul -Wl,--no-relax -ffunction-sections -fdata-sections -MMD -MP -MF"src/main.d" -MT"src/main.o" -o "src/main.o" "../src/main.c"
../src/main.c: In function 'updateCountReg':
../src/main.c:107:28: warning: format '%d' expects argument of type 'int', but argument 2 has type 'uint32_t {aka long unsigned int}' [-Wformat=]
   printf("Divide example (%d / PI) = %f  \n", value, (float)(value/M_PI));
                           ~^
                           %ld
../src/main.c: In function 'MyIsr_1':
../src/main.c:133:1: error: expected expression before '}' token
 }
 ^
../src/main.c: In function 'main':
../src/main.c:153:5: warning: implicit declaration of function 'init_platform' [-Wimplicit-function-declaration]
     init_platform(); // unsure if this is needed unless we are cacheing???
     ^~~~~~~~~~~~~
../src/main.c:239:47: warning: format '%u' expects argument of type 'unsigned int', but argument 2 has type 'uint32_t {aka long unsigned int}' [-Wformat=]
  printf("AXI Test: HDL Coder IP Build Date = %u \n",*((uint32_t *)AXI_IP_TEST_BUILD_DATE));
                                              ~^     ~~~~~~~~~~~~~~~~~~~~~~~~~~~~~~~~~~~~~
                                              %lu
../src/main.c:241:52: warning: format '%X' expects argument of type 'unsigned int', but argument 2 has type 'uint16_t * {aka short unsigned int *}' [-Wformat=]
  printf("Motor control register read [amplitude 0x%X = %u ] \n", amplitudeCtrl, *(uint16_t*)amplitudeCtrl);
                                                   ~^
                                                   %hn
../src/main.c:265:29: warning: format '%d' expects argument of type 'int', but argument 2 has type 'uint32_t {aka long unsigned int}' [-Wformat=]
    printf("Value changed = %d \n", *bramPtr_idx1);
                            ~^      ~~~~~~~~~~~~~
                            %ld
[...]
Running Make include in ps7_cortexa9_0/libsrc/qspips_v3_5/src
make -C ps7_cortexa9_0/libsrc/qspips_v3_5/src -s include  "SHELL=/bin/sh" "COMPILER=arm-none-eabi-gcc" "ARCHIVER=arm-none-eabi-ar" "COMPILER_FLAGS=  -O2 -c" "EXTRA_COMPILER_FLAGS=-mcpu=cortex-a9 -mfpu=vfpv3 -mfloat-abi=hard -nostartfiles -g -Wall -Wextra"
Running Make include in ps7_cortexa9_0/libsrc/scugic_v3_10/src
make -C ps7_cortexa9_0/libsrc/scugic_v3_10/src -s include  "SHELL=/bin/sh" "COMPILER=arm-none-eabi-gcc" "ARCHIVER=arm-none-eabi-ar" "COMPILER_FLAGS=  -O2 -c" "EXTRA_COMPILER_FLAGS=-mcpu=cortex-a9 -mfpu=vfpv3 -mfloat-abi=hard -nostartfiles -g -Wall -Wextra"
Running Make include in ps7_cortexa9_0/libsrc/scutimer_v2_1/src
make -C ps7_cortexa9_0/libsrc/scutimer_v2_1/src -s include  "SHELL=/bin/sh" "COMPILER=arm-none-eabi-gcc" "ARCHIVER=arm-none-eabi-ar" "COMPILER_FLAGS=  -O2 -c" "EXTRA_COMPILER_FLAGS=-mcpu=cortex-a9 -mfpu=vfpv3 -mfloat-abi=hard -nostartfiles -g -Wall -Wextra"
Running Make include in ps7_cortexa9_0/libsrc/scuwdt_v2_1/src
make -C ps7_cortexa9_0/libsrc/scuwdt_v2_1/src -s include  "SHELL=/bin/sh" "COMPILER=arm-none-eabi-gcc" "ARCHIVER=arm-none-eabi-ar" "COMPILER_FLAGS=  -O2 -c" "EXTRA_COMPILER_FLAGS=-mcpu=cortex-a9 -mfpu=vfpv3 -mfloat-abi=hard -nostartfiles -g -Wall -Wextra"
Running Make include in ps7_cortexa9_0/libsrc/sdps_v3_6/src
make -C ps7_cortexa9_0/libsrc/sdps_v3_6/src -s include  "SHELL=/bin/sh" "COMPILER=arm-none-eabi-gcc" "ARCHIVER=arm-none-eabi-ar" "COMPILER_FLAGS=  -O2 -c" "EXTRA_COMPILER_FLAGS=-mcpu=cortex-a9 -mfpu=vfpv3 -mfloat-abi=hard -nostartfiles -g -Wall -Wextra"
Running Make include in ps7_cortexa9_0/libsrc/standalone_v6_8/src
make -C ps7_cortexa9_0/libsrc/standalone_v6_8/src -s include  "SHELL=/bin/sh" "COMPILER=arm-none-eabi-gcc" "ARCHIVER=arm-none-eabi-ar" "COMPILER_FLAGS=  -O2 -c" "EXTRA_COMPILER_FLAGS=-mcpu=cortex-a9 -mfpu=vfpv3 -mfloat-abi=hard -nostartfiles -g -Wall -Wextra"
Running Make include in ps7_cortexa9_0/libsrc/ttcps_v3_7/src
make -C ps7_cortexa9_0/libsrc/ttcps_v3_7/src -s include  "SHELL=/bin/sh" "COMPILER=arm-none-eabi-gcc" "ARCHIVER=arm-none-eabi-ar" "COMPILER_FLAGS=  -O2 -c" "EXTRA_COMPILER_FLAGS=-mcpu=cortex-a9 -mfpu=vfpv3 -mfloat-abi=hard -nostartfiles -g -Wall -Wextra"
Running Make include in ps7_cortexa9_0/libsrc/uartps_v3_7/src
make -C ps7_cortexa9_0/libsrc/uartps_v3_7/src -s include  "SHELL=/bin/sh" "COMPILER=arm-none-eabi-gcc" "ARCHIVER=arm-none-eabi-ar" "COMPILER_FLAGS=  -O2 -c" "EXTRA_COMPILER_FLAGS=-mcpu=cortex-a9 -mfpu=vfpv3 -mfloat-abi=hard -nostartfiles -g -Wall -Wextra"
Running Make include in ps7_cortexa9_0/libsrc/usbps_v2_4/src
make -C ps7_cortexa9_0/libsrc/usbps_v2_4/src -s include  "SHELL=/bin/sh" "COMPILER=arm-none-eabi-gcc" "ARCHIVER=arm-none-eabi-ar" "COMPILER_FLAGS=  -O2 -c" "EXTRA_COMPILER_FLAGS=-mcpu=cortex-a9 -mfpu=vfpv3 -mfloat-abi=hard -nostartfiles -g -Wall -Wextra"
Running Make include in ps7_cortexa9_0/libsrc/xadcps_v2_3/src
make -C ps7_cortexa9_0/libsrc/xadcps_v2_3/src -s include  "SHELL=/bin/sh" "COMPILER=arm-none-eabi-gcc" "ARCHIVER=arm-none-eabi-ar" "COMPILER_FLAGS=  -O2 -c" "EXTRA_COMPILER_FLAGS=-mcpu=cortex-a9 -mfpu=vfpv3 -mfloat-abi=hard -nostartfiles -g -Wall -Wextra"
Running Make libs in ps7_cortexa9_0/libsrc/bram_v4_2/src
make -C ps7_cortexa9_0/libsrc/bram_v4_2/src -s libs  "SHELL=/bin/sh" "COMPILER=arm-none-eabi-gcc" "ARCHIVER=arm-none-eabi-ar" "COMPILER_FLAGS=  -O2 -c" "EXTRA_COMPILER_FLAGS=-mcpu=cortex-a9 -mfpu=vfpv3 -mfloat-abi=hard -nostartfiles -g -Wall -Wextra"
Compiling bram
Running Make libs in ps7_cortexa9_0/libsrc/canps_v3_2/src
make -C ps7_cortexa9_0/libsrc/canps_v3_2/src -s libs  "SHELL=/bin/sh" "COMPILER=arm-none-eabi-gcc" "ARCHIVER=arm-none-eabi-ar" "COMPILER_FLAGS=  -O2 -c" "EXTRA_COMPILER_FLAGS=-mcpu=cortex-a9 -mfpu=vfpv3 -mfloat-abi=hard -nostartfiles -g -Wall -Wextra"
Compiling canps
Running Make libs in ps7_cortexa9_0/libsrc/coresightps_dcc_v1_4/src
make -C ps7_cortexa9_0/libsrc/coresightps_dcc_v1_4/src -s libs  "SHELL=/bin/sh" "COMPILER=arm-none-eabi-gcc" "ARCHIVER=arm-none-eabi-ar" "COMPILER_FLAGS=  -O2 -c" "EXTRA_COMPILER_FLAGS=-mcpu=cortex-a9 -mfpu=vfpv3 -mfloat-abi=hard -nostartfiles -g -Wall -Wextra"
Compiling coresightps_dcc
Running Make libs in ps7_cortexa9_0/libsrc/cpu_cortexa9_v2_7/src
make -C ps7_cortexa9_0/libsrc/cpu_cortexa9_v2_7/src -s libs  "SHELL=/bin/sh" "COMPILER=arm-none-eabi-gcc" "ARCHIVER=arm-none-eabi-ar" "COMPILER_FLAGS=  -O2 -c" "EXTRA_COMPILER_FLAGS=-mcpu=cortex-a9 -mfpu=vfpv3 -mfloat-abi=hard -nostartfiles -g -Wall -Wextra"
Compiling cpu_cortexa9
Running Make libs in ps7_cortexa9_0/libsrc/ddrps_v1_0/src
make -C ps7_cortexa9_0/libsrc/ddrps_v1_0/src -s libs  "SHELL=/bin/sh" "COMPILER=arm-none-eabi-gcc" "ARCHIVER=arm-none-eabi-ar" "COMPILER_FLAGS=  -O2 -c" "EXTRA_COMPILER_FLAGS=-mcpu=cortex-a9 -mfpu=vfpv3 -mfloat-abi=hard -nostartfiles -g -Wall -Wextra"
Compiling ddrps
Running Make libs in ps7_cortexa9_0/libsrc/devcfg_v3_5/src
make -C ps7_cortexa9_0/libsrc/devcfg_v3_5/src -s libs  "SHELL=/bin/sh" "COMPILER=arm-none-eabi-gcc" "ARCHIVER=arm-none-eabi-ar" "COMPILER_FLAGS=  -O2 -c" "EXTRA_COMPILER_FLAGS=-mcpu=cortex-a9 -mfpu=vfpv3 -mfloat-abi=hard -nostartfiles -g -Wall -Wextra"
Compiling devcfg
Running Make libs in ps7_cortexa9_0/libsrc/dmaps_v2_4/src
make -C ps7_cortexa9_0/libsrc/dmaps_v2_4/src -s libs  "SHELL=/bin/sh" "COMPILER=arm-none-eabi-gcc" "ARCHIVER=arm-none-eabi-ar" "COMPILER_FLAGS=  -O2 -c" "EXTRA_COMPILER_FLAGS=-mcpu=cortex-a9 -mfpu=vfpv3 -mfloat-abi=hard -nostartfiles -g -Wall -Wextra"
Compiling dmaps
Running Make libs in ps7_cortexa9_0/libsrc/emacps_v3_8/src
make -C ps7_cortexa9_0/libsrc/emacps_v3_8/src -s libs  "SHELL=/bin/sh" "COMPILER=arm-none-eabi-gcc" "ARCHIVER=arm-none-eabi-ar" "COMPILER_FLAGS=  -O2 -c" "EXTRA_COMPILER_FLAGS=-mcpu=cortex-a9 -mfpu=vfpv3 -mfloat-abi=hard -nostartfiles -g -Wall -Wextra"
Compiling emacps
Running Make libs in ps7_cortexa9_0/libsrc/gpiops_v3_4/src
make -C ps7_cortexa9_0/libsrc/gpiops_v3_4/src -s libs  "SHELL=/bin/sh" "COMPILER=arm-none-eabi-gcc" "ARCHIVER=arm-none-eabi-ar" "COMPILER_FLAGS=  -O2 -c" "EXTRA_COMPILER_FLAGS=-mcpu=cortex-a9 -mfpu=vfpv3 -mfloat-abi=hard -nostartfiles -g -Wall -Wextra"
Compiling gpiops
Running Make libs in ps7_cortexa9_0/libsrc/gpio_v4_3/src
make -C ps7_cortexa9_0/libsrc/gpio_v4_3/src -s libs  "SHELL=/bin/sh" "COMPILER=arm-none-eabi-gcc" "ARCHIVER=arm-none-eabi-ar" "COMPILER_FLAGS=  -O2 -c" "EXTRA_COMPILER_FLAGS=-mcpu=cortex-a9 -mfpu=vfpv3 -mfloat-abi=hard -nostartfiles -g -Wall -Wextra"
Compiling gpio
Running Make libs in ps7_cortexa9_0/libsrc/qspips_v3_5/src
make -C ps7_cortexa9_0/libsrc/qspips_v3_5/src -s libs  "SHELL=/bin/sh" "COMPILER=arm-none-eabi-gcc" "ARCHIVER=arm-none-eabi-ar" "COMPILER_FLAGS=  -O2 -c" "EXTRA_COMPILER_FLAGS=-mcpu=cortex-a9 -mfpu=vfpv3 -mfloat-abi=hard -nostartfiles -g -Wall -Wextra"
Compiling qspips
Running Make libs in ps7_cortexa9_0/libsrc/scugic_v3_10/src
make -C ps7_cortexa9_0/libsrc/scugic_v3_10/src -s libs  "SHELL=/bin/sh" "COMPILER=arm-none-eabi-gcc" "ARCHIVER=arm-none-eabi-ar" "COMPILER_FLAGS=  -O2 -c" "EXTRA_COMPILER_FLAGS=-mcpu=cortex-a9 -mfpu=vfpv3 -mfloat-abi=hard -nostartfiles -g -Wall -Wextra"
Compiling scugic
Running Make libs in ps7_cortexa9_0/libsrc/scutimer_v2_1/src
make -C ps7_cortexa9_0/libsrc/scutimer_v2_1/src -s libs  "SHELL=/bin/sh" "COMPILER=arm-none-eabi-gcc" "ARCHIVER=arm-none-eabi-ar" "COMPILER_FLAGS=  -O2 -c" "EXTRA_COMPILER_FLAGS=-mcpu=cortex-a9 -mfpu=vfpv3 -mfloat-abi=hard -nostartfiles -g -Wall -Wextra"
Compiling scutimer
Running Make libs in ps7_cortexa9_0/libsrc/scuwdt_v2_1/src
make -C ps7_cortexa9_0/libsrc/scuwdt_v2_1/src -s libs  "SHELL=/bin/sh" "COMPILER=arm-none-eabi-gcc" "ARCHIVER=arm-none-eabi-ar" "COMPILER_FLAGS=  -O2 -c" "EXTRA_COMPILER_FLAGS=-mcpu=cortex-a9 -mfpu=vfpv3 -mfloat-abi=hard -nostartfiles -g -Wall -Wextra"
Compiling scuwdt
Running Make libs in ps7_cortexa9_0/libsrc/sdps_v3_6/src
make -C ps7_cortexa9_0/libsrc/sdps_v3_6/src -s libs  "SHELL=/bin/sh" "COMPILER=arm-none-eabi-gcc" "ARCHIVER=arm-none-eabi-ar" "COMPILER_FLAGS=  -O2 -c" "EXTRA_COMPILER_FLAGS=-mcpu=cortex-a9 -mfpu=vfpv3 -mfloat-abi=hard -nostartfiles -g -Wall -Wextra"
Compiling sdps
Running Make libs in ps7_cortexa9_0/libsrc/standalone_v6_8/src
make -C ps7_cortexa9_0/libsrc/standalone_v6_8/src -s libs  "SHELL=/bin/sh" "COMPILER=arm-none-eabi-gcc" "ARCHIVER=arm-none-eabi-ar" "COMPILER_FLAGS=  -O2 -c" "EXTRA_COMPILER_FLAGS=-mcpu=cortex-a9 -mfpu=vfpv3 -mfloat-abi=hard -nostartfiles -g -Wall -Wextra"
Compiling standalone
In file included from sleep.c:53:0:
xtime_l.h:87:9: note: #pragma message: For the sleep routines, Global timer is being used
 #pragma message ("For the sleep routines, Global timer is being used")
         ^~~~~~~
In file included from usleep.c:56:0:
xtime_l.h:87:9: note: #pragma message: For the sleep routines, Global timer is being used
 #pragma message ("For the sleep routines, Global timer is being used")
         ^~~~~~~
In file included from xil_sleeptimer.c:51:0:
xtime_l.h:87:9: note: #pragma message: For the sleep routines, Global timer is being used
 #pragma message ("For the sleep routines, Global timer is being used")
         ^~~~~~~
In file included from xtime_l.c:49:0:
xtime_l.h:87:9: note: #pragma message: For the sleep routines, Global timer is being used
 #pragma message ("For the sleep routines, Global timer is being used")
         ^~~~~~~
Running Make libs in ps7_cortexa9_0/libsrc/ttcps_v3_7/src
make -C ps7_cortexa9_0/libsrc/ttcps_v3_7/src -s libs  "SHELL=/bin/sh" "COMPILER=arm-none-eabi-gcc" "ARCHIVER=arm-none-eabi-ar" "COMPILER_FLAGS=  -O2 -c" "EXTRA_COMPILER_FLAGS=-mcpu=cortex-a9 -mfpu=vfpv3 -mfloat-abi=hard -nostartfiles -g -Wall -Wextra"
Compiling ttcps
Running Make libs in ps7_cortexa9_0/libsrc/uartps_v3_7/src
make -C ps7_cortexa9_0/libsrc/uartps_v3_7/src -s libs  "SHELL=/bin/sh" "COMPILER=arm-none-eabi-gcc" "ARCHIVER=arm-none-eabi-ar" "COMPILER_FLAGS=  -O2 -c" "EXTRA_COMPILER_FLAGS=-mcpu=cortex-a9 -mfpu=vfpv3 -mfloat-abi=hard -nostartfiles -g -Wall -Wextra"
Compiling uartps
Running Make libs in ps7_cortexa9_0/libsrc/usbps_v2_4/src
make -C ps7_cortexa9_0/libsrc/usbps_v2_4/src -s libs  "SHELL=/bin/sh" "COMPILER=arm-none-eabi-gcc" "ARCHIVER=arm-none-eabi-ar" "COMPILER_FLAGS=  -O2 -c" "EXTRA_COMPILER_FLAGS=-mcpu=cortex-a9 -mfpu=vfpv3 -mfloat-abi=hard -nostartfiles -g -Wall -Wextra"
Compiling usbps
Running Make libs in ps7_cortexa9_0/libsrc/xadcps_v2_3/src
make -C ps7_cortexa9_0/libsrc/xadcps_v2_3/src -s libs  "SHELL=/bin/sh" "COMPILER=arm-none-eabi-gcc" "ARCHIVER=arm-none-eabi-ar" "COMPILER_FLAGS=  -O2 -c" "EXTRA_COMPILER_FLAGS=-mcpu=cortex-a9 -mfpu=vfpv3 -mfloat-abi=hard -nostartfiles -g -Wall -Wextra"
Compiling xadcps
Finished building libraries
16:18:32 **** Build of configuration Debug for project test_ps7 ****
make pre-build main-build 
a9-linaro-pre-build-step
 
Building file: ../src/helloworld.c
Invoking: ARM v7 gcc compiler
arm-none-eabi-gcc -Wall -O0 -g3 -c -fmessage-length=0 -MT"src/helloworld.o" -mcpu=cortex-a9 -mfpu=vfpv3 -mfloat-abi=hard -I../../test_ps7_bsp/ps7_cortexa9_0/include -MMD -MP -MF"src/helloworld.d" -MT"src/helloworld.o" -o "src/helloworld.o" "../src/helloworld.c"
Finished building: ../src/helloworld.c
 
Building file: ../src/platform.c
Invoking: ARM v7 gcc compiler
arm-none-eabi-gcc -Wall -O0 -g3 -c -fmessage-length=0 -MT"src/platform.o" -mcpu=cortex-a9 -mfpu=vfpv3 -mfloat-abi=hard -I../../test_ps7_bsp/ps7_cortexa9_0/include -MMD -MP -MF"src/platform.d" -MT"src/platform.o" -o "src/platform.o" "../src/platform.c"
Finished building: ../src/platform.c
 
Building target: test_ps7.elf
Invoking: ARM v7 gcc linker
arm-none-eabi-gcc -mcpu=cortex-a9 -mfpu=vfpv3 -mfloat-abi=hard -Wl,-build-id=none -specs=Xilinx.spec -Wl,-T -Wl,../src/lscript.ld -L../../test_ps7_bsp/ps7_cortexa9_0/lib -o "test_ps7.elf" ./src/helloworld.o ./src/platform.o   -Wl,--start-group,-lxil,-lgcc,-lc,--end-group
Finished building target: test_ps7.elf
 
Invoking: ARM v7 Print Size
arm-none-eabi-size test_ps7.elf  |tee "test_ps7.elf.size"
   text	   data	    bss	    dec	    hex	filename
  19348	   1144	  22568	  43060	   a834	test_ps7.elf
Finished building: test_ps7.elf.size
 
16:26:01 **** Build of project snail_microblaze_app_bsp ****
make -k all 
Running Make include in microblaze_0/libsrc/bram_v4_2/src
make -C microblaze_0/libsrc/bram_v4_2/src -s include  "SHELL=/bin/sh" "COMPILER=mb-gcc" "ARCHIVER=mb-ar" "COMPILER_FLAGS=  -O2 -c -mcpu=v11.0 -mlittle-endian -mxl-soft-mul" "EXTRA_COMPILER_FLAGS=-ffunction-sections -fdata-sections -Wall -Wextra"
Running Make include in microblaze_0/libsrc/cpu_v2_8/src
make -C microblaze_0/libsrc/cpu_v2_8/src -s include  "SHELL=/bin/sh" "COMPILER=mb-gcc" "ARCHIVER=mb-ar" "COMPILER_FLAGS=  -O2 -c -mcpu=v11.0 -mlittle-endian -mxl-soft-mul" "EXTRA_COMPILER_FLAGS=-ffunction-sections -fdata-sections -Wall -Wextra"
Running Make include in microblaze_0/libsrc/intc_v3_8/src
make -C microblaze_0/libsrc/intc_v3_8/src -s include  "SHELL=/bin/sh" "COMPILER=mb-gcc" "ARCHIVER=mb-ar" "COMPILER_FLAGS=  -O2 -c -mcpu=v11.0 -mlittle-endian -mxl-soft-mul" "EXTRA_COMPILER_FLAGS=-ffunction-sections -fdata-sections -Wall -Wextra"
Running Make include in microblaze_0/libsrc/standalone_v6_8/src
make -C microblaze_0/libsrc/standalone_v6_8/src -s include  "SHELL=/bin/sh" "COMPILER=mb-gcc" "ARCHIVER=mb-ar" "COMPILER_FLAGS=  -O2 -c -mcpu=v11.0 -mlittle-endian -mxl-soft-mul" "EXTRA_COMPILER_FLAGS=-ffunction-sections -fdata-sections -Wall -Wextra"
Running Make include in microblaze_0/libsrc/uartlite_v3_2/src
make -C microblaze_0/libsrc/uartlite_v3_2/src -s include  "SHELL=/bin/sh" "COMPILER=mb-gcc" "ARCHIVER=mb-ar" "COMPILER_FLAGS=  -O2 -c -mcpu=v11.0 -mlittle-endian -mxl-soft-mul" "EXTRA_COMPILER_FLAGS=-ffunction-sections -fdata-sections -Wall -Wextra"
Running Make libs in microblaze_0/libsrc/bram_v4_2/src
make -C microblaze_0/libsrc/bram_v4_2/src -s libs  "SHELL=/bin/sh" "COMPILER=mb-gcc" "ARCHIVER=mb-ar" "COMPILER_FLAGS=  -O2 -c -mcpu=v11.0 -mlittle-endian -mxl-soft-mul" "EXTRA_COMPILER_FLAGS=-ffunction-sections -fdata-sections -Wall -Wextra"
Compiling bram
Running Make libs in microblaze_0/libsrc/cpu_v2_8/src
make -C microblaze_0/libsrc/cpu_v2_8/src -s libs  "SHELL=/bin/sh" "COMPILER=mb-gcc" "ARCHIVER=mb-ar" "COMPILER_FLAGS=  -O2 -c -mcpu=v11.0 -mlittle-endian -mxl-soft-mul" "EXTRA_COMPILER_FLAGS=-ffunction-sections -fdata-sections -Wall -Wextra"
Compiling cpu
Running Make libs in microblaze_0/libsrc/intc_v3_8/src
make -C microblaze_0/libsrc/intc_v3_8/src -s libs  "SHELL=/bin/sh" "COMPILER=mb-gcc" "ARCHIVER=mb-ar" "COMPILER_FLAGS=  -O2 -c -mcpu=v11.0 -mlittle-endian -mxl-soft-mul" "EXTRA_COMPILER_FLAGS=-ffunction-sections -fdata-sections -Wall -Wextra"
Compiling intc
Running Make libs in microblaze_0/libsrc/standalone_v6_8/src
make -C microblaze_0/libsrc/standalone_v6_8/src -s libs  "SHELL=/bin/sh" "COMPILER=mb-gcc" "ARCHIVER=mb-ar" "COMPILER_FLAGS=  -O2 -c -mcpu=v11.0 -mlittle-endian -mxl-soft-mul" "EXTRA_COMPILER_FLAGS=-ffunction-sections -fdata-sections -Wall -Wextra"
Compiling standalone
microblaze_sleep.c:77:9: note: #pragma message: For the sleep routines, assembly instructions are used
 #pragma message ("For the sleep routines, assembly instructions are used")
         ^~~~~~~
Running Make libs in microblaze_0/libsrc/uartlite_v3_2/src
make -C microblaze_0/libsrc/uartlite_v3_2/src -s libs  "SHELL=/bin/sh" "COMPILER=mb-gcc" "ARCHIVER=mb-ar" "COMPILER_FLAGS=  -O2 -c -mcpu=v11.0 -mlittle-endian -mxl-soft-mul" "EXTRA_COMPILER_FLAGS=-ffunction-sections -fdata-sections -Wall -Wextra"
Compiling uartlite
Finished building libraries
16:26:01 **** Build of configuration Debug for project snail_microblaze_app ****
make all 
Building file: ../src/main.c
Invoking: MicroBlaze gcc compiler
mb-gcc -Wall -O0 -g3 -c -fmessage-length=0 -MT"src/main.o" -I../../snail_microblaze_app_bsp/microblaze_0/include -mlittle-endian -mcpu=v11.0 -mxl-soft-mul -Wl,--no-relax -ffunction-sections -fdata-sections -MMD -MP -MF"src/main.d" -MT"src/main.o" -o "src/main.o" "../src/main.c"
../src/main.c: In function 'updateCountReg':
../src/main.c:128:28: warning: format '%d' expects argument of type 'int', but argument 2 has type 'uint32_t {aka long unsigned int}' [-Wformat=]
   printf("Divide example (%d / PI) = %f  \n", value, (float)(value/M_PI));
                           ~^
                           %ld
../src/main.c: In function 'MyIsr_1':
../src/main.c:182:92: warning: format '%d' expects argument of type 'int', but argument 2 has type 'uint32_t {aka long unsigned int}' [-Wformat=]
    printf("[WARNING: printf will cause IRQ misses!] Changing motor direction. IRQ Count = %d [%d %d] \n",*bramPtr_countIdx,currentSpeed,nextSpeed);
                                                                                           ~^             ~~~~~~~~~~~~~~~~~
                                                                                           %ld
../src/main.c: In function 'main':
../src/main.c:238:5: warning: implicit declaration of function 'init_platform'; did you mean 'initMotor'? [-Wimplicit-function-declaration]
     init_platform(); // unsure if this is needed unless we are cacheing???
     ^~~~~~~~~~~~~
     initMotor
../src/main.c:330:47: warning: format '%u' expects argument of type 'unsigned int', but argument 2 has type 'uint32_t {aka long unsigned int}' [-Wformat=]
  printf("AXI Test: HDL Coder IP Build Date = %u \n",*((uint32_t *)AXI_IP_TEST_BUILD_DATE));
                                              ~^     ~~~~~~~~~~~~~~~~~~~~~~~~~~~~~~~~~~~~~
                                              %lu
../src/main.c:332:52: warning: format '%X' expects argument of type 'unsigned int', but argument 2 has type 'int32_t * {aka long int *}' [-Wformat=]
  printf("Motor control register read [amplitude 0x%X = %u ] \n", amplitudeCtrl, *(uint16_t*)amplitudeCtrl);
                                                   ~^
                                                   %ln
../src/main.c:356:29: warning: format '%d' expects argument of type 'int', but argument 2 has type 'uint32_t {aka long unsigned int}' [-Wformat=]
    printf("Value changed = %d \n", *bramPtr_idx1);
                            ~^      ~~~~~~~~~~~~~
                            %ld
../src/main.c:364:29: warning: format '%d' expects argument of type 'int', but argument 2 has type 'uint32_t {aka long unsigned int}' [-Wformat=]
    printf("Value changed = %d \n", *bramPtr_idx2);
                            ~^      ~~~~~~~~~~~~~
                            %ld
../src/main.c:372:2: warning: implicit declaration of function 'cleanup_platform' [-Wimplicit-function-declaration]
  cleanup_platform();
  ^~~~~~~~~~~~~~~~
Finished building: ../src/main.c
 
Building file: ../src/platform.c
Invoking: MicroBlaze gcc compiler
mb-gcc -Wall -O0 -g3 -c -fmessage-length=0 -MT"src/platform.o" -I../../snail_microblaze_app_bsp/microblaze_0/include -mlittle-endian -mcpu=v11.0 -mxl-soft-mul -Wl,--no-relax -ffunction-sections -fdata-sections -MMD -MP -MF"src/platform.d" -MT"src/platform.o" -o "src/platform.o" "../src/platform.c"
Finished building: ../src/platform.c
 
Building target: snail_microblaze_app.elf
Invoking: MicroBlaze gcc linker
mb-gcc -Wl,-T -Wl,../src/lscript.ld -L../../snail_microblaze_app_bsp/microblaze_0/lib -mlittle-endian -mcpu=v11.0 -mxl-soft-mul -Wl,--no-relax -Wl,--gc-sections -o "snail_microblaze_app.elf" ./src/main.o ./src/platform.o   -Wl,--start-group,-lxil,-lgcc,-lc,--end-group
Finished building target: snail_microblaze_app.elf
 
Invoking: MicroBlaze Print Size
mb-size snail_microblaze_app.elf  |tee "snail_microblaze_app.elf.size"
   text	   data	    bss	    dec	    hex	filename
 102224	   1532	   3356	 107112	  1a268	snail_microblaze_app.elf
Finished building: snail_microblaze_app.elf.size
 
16:26:32 **** Incremental Build of configuration Debug for project snail_microblaze_app ****
make all 
make: Nothing to be done for 'all'.
